Archive member included to satisfy reference by file (symbol)

../initializer_bsp/\libhal_bsp.a(alt_load.o)
                              ../initializer_bsp//obj/HAL/src/crt0.o (alt_load)
../initializer_bsp/\libhal_bsp.a(alt_main.o)
                              ../initializer_bsp//obj/HAL/src/crt0.o (alt_main)
../initializer_bsp/\libhal_bsp.a(alt_sys_init.o)
                              ../initializer_bsp/\libhal_bsp.a(alt_main.o) (alt_irq_init)
../initializer_bsp/\libhal_bsp.a(altera_avalon_jtag_uart_fd.o)
                              ../initializer_bsp/\libhal_bsp.a(alt_sys_init.o) (altera_avalon_jtag_uart_read_fd)
../initializer_bsp/\libhal_bsp.a(altera_avalon_jtag_uart_init.o)
                              ../initializer_bsp/\libhal_bsp.a(alt_sys_init.o) (altera_avalon_jtag_uart_init)
../initializer_bsp/\libhal_bsp.a(altera_avalon_jtag_uart_ioctl.o)
                              ../initializer_bsp/\libhal_bsp.a(altera_avalon_jtag_uart_fd.o) (altera_avalon_jtag_uart_ioctl)
../initializer_bsp/\libhal_bsp.a(altera_avalon_jtag_uart_read.o)
                              ../initializer_bsp/\libhal_bsp.a(altera_avalon_jtag_uart_fd.o) (altera_avalon_jtag_uart_read)
../initializer_bsp/\libhal_bsp.a(altera_avalon_jtag_uart_write.o)
                              ../initializer_bsp/\libhal_bsp.a(altera_avalon_jtag_uart_fd.o) (altera_avalon_jtag_uart_write)
../initializer_bsp/\libhal_bsp.a(altera_avalon_timer_sc.o)
                              ../initializer_bsp/\libhal_bsp.a(alt_sys_init.o) (alt_avalon_timer_sc_init)
../initializer_bsp/\libhal_bsp.a(alt_alarm_start.o)
                              ../initializer_bsp/\libhal_bsp.a(altera_avalon_jtag_uart_init.o) (alt_alarm_start)
../initializer_bsp/\libhal_bsp.a(alt_close.o)
                              ../initializer_bsp/\libhal_bsp.a(alt_main.o) (close)
../initializer_bsp/\libhal_bsp.a(alt_dcache_flush_all.o)
                              ../initializer_bsp/\libhal_bsp.a(alt_load.o) (alt_dcache_flush_all)
../initializer_bsp/\libhal_bsp.a(alt_dev.o)
                              ../initializer_bsp/\libhal_bsp.a(alt_sys_init.o) (alt_dev_list)
../initializer_bsp/\libhal_bsp.a(alt_dev_llist_insert.o)
                              ../initializer_bsp/\libhal_bsp.a(alt_sys_init.o) (alt_dev_llist_insert)
../initializer_bsp/\libhal_bsp.a(alt_do_ctors.o)
                              ../initializer_bsp/\libhal_bsp.a(alt_main.o) (_do_ctors)
../initializer_bsp/\libhal_bsp.a(alt_do_dtors.o)
                              ../initializer_bsp/\libhal_bsp.a(alt_main.o) (_do_dtors)
../initializer_bsp/\libhal_bsp.a(alt_errno.o)
                              ../initializer_bsp/\libhal_bsp.a(alt_close.o) (alt_errno)
../initializer_bsp/\libhal_bsp.a(alt_icache_flush_all.o)
                              ../initializer_bsp/\libhal_bsp.a(alt_load.o) (alt_icache_flush_all)
../initializer_bsp/\libhal_bsp.a(alt_iic.o)
                              ../initializer_bsp/\libhal_bsp.a(altera_avalon_jtag_uart_init.o) (alt_ic_isr_register)
../initializer_bsp/\libhal_bsp.a(alt_iic_isr_register.o)
                              ../initializer_bsp/\libhal_bsp.a(alt_iic.o) (alt_iic_isr_register)
../initializer_bsp/\libhal_bsp.a(alt_io_redirect.o)
                              ../initializer_bsp/\libhal_bsp.a(alt_main.o) (alt_io_redirect)
../initializer_bsp/\libhal_bsp.a(alt_irq_entry.o)
                              ../initializer_bsp/\libhal_bsp.a(alt_iic_isr_register.o) (alt_irq_entry)
../initializer_bsp/\libhal_bsp.a(alt_irq_handler.o)
                              ../initializer_bsp/\libhal_bsp.a(alt_iic_isr_register.o) (alt_irq)
../initializer_bsp/\libhal_bsp.a(alt_irq_vars.o)
                              ../initializer_bsp/\libhal_bsp.a(alt_iic.o) (alt_irq_active)
../initializer_bsp/\libhal_bsp.a(alt_open.o)
                              ../initializer_bsp/\libhal_bsp.a(alt_io_redirect.o) (open)
../initializer_bsp/\libhal_bsp.a(alt_release_fd.o)
                              ../initializer_bsp/\libhal_bsp.a(alt_close.o) (alt_release_fd)
../initializer_bsp/\libhal_bsp.a(alt_tick.o)
                              ../initializer_bsp/\libhal_bsp.a(altera_avalon_jtag_uart_init.o) (_alt_tick_rate)
../initializer_bsp/\libhal_bsp.a(altera_nios2_gen2_irq.o)
                              ../initializer_bsp/\libhal_bsp.a(alt_sys_init.o) (altera_nios2_gen2_irq_init)
../initializer_bsp/\libhal_bsp.a(alt_exception_entry.o)
                              ../initializer_bsp/\libhal_bsp.a(alt_irq_entry.o) (alt_exception)
../initializer_bsp/\libhal_bsp.a(alt_find_dev.o)
                              ../initializer_bsp/\libhal_bsp.a(alt_open.o) (alt_find_dev)
../initializer_bsp/\libhal_bsp.a(alt_find_file.o)
                              ../initializer_bsp/\libhal_bsp.a(alt_open.o) (alt_find_file)
../initializer_bsp/\libhal_bsp.a(alt_get_fd.o)
                              ../initializer_bsp/\libhal_bsp.a(alt_open.o) (alt_get_fd)
../initializer_bsp/\libhal_bsp.a(alt_instruction_exception_entry.o)
                              ../initializer_bsp/\libhal_bsp.a(alt_exception_entry.o) (alt_instruction_exception_entry)
f:/intelfpga_lite/18.1/nios2eds/bin/gnu/h-x86_64-mingw32/bin/../lib/gcc/nios2-elf/5.3.0/../../../../../H-x86_64-mingw32/nios2-elf/lib/mno-hw-mul\libc.a(lib_a-atexit.o)
                              ../initializer_bsp/\libhal_bsp.a(alt_main.o) (atexit)
f:/intelfpga_lite/18.1/nios2eds/bin/gnu/h-x86_64-mingw32/bin/../lib/gcc/nios2-elf/5.3.0/../../../../../H-x86_64-mingw32/nios2-elf/lib/mno-hw-mul\libc.a(lib_a-exit.o)
                              ../initializer_bsp/\libhal_bsp.a(alt_main.o) (exit)
f:/intelfpga_lite/18.1/nios2eds/bin/gnu/h-x86_64-mingw32/bin/../lib/gcc/nios2-elf/5.3.0/../../../../../H-x86_64-mingw32/nios2-elf/lib/mno-hw-mul\libc.a(lib_a-impure.o)
                              f:/intelfpga_lite/18.1/nios2eds/bin/gnu/h-x86_64-mingw32/bin/../lib/gcc/nios2-elf/5.3.0/../../../../../H-x86_64-mingw32/nios2-elf/lib/mno-hw-mul\libc.a(lib_a-exit.o) (_global_impure_ptr)
f:/intelfpga_lite/18.1/nios2eds/bin/gnu/h-x86_64-mingw32/bin/../lib/gcc/nios2-elf/5.3.0/../../../../../H-x86_64-mingw32/nios2-elf/lib/mno-hw-mul\libc.a(lib_a-int_errno.o)
                              ../initializer_bsp/\libhal_bsp.a(alt_close.o) (errno)
f:/intelfpga_lite/18.1/nios2eds/bin/gnu/h-x86_64-mingw32/bin/../lib/gcc/nios2-elf/5.3.0/../../../../../H-x86_64-mingw32/nios2-elf/lib/mno-hw-mul\libc.a(lib_a-memcmp.o)
                              ../initializer_bsp/\libhal_bsp.a(alt_find_dev.o) (memcmp)
f:/intelfpga_lite/18.1/nios2eds/bin/gnu/h-x86_64-mingw32/bin/../lib/gcc/nios2-elf/5.3.0/../../../../../H-x86_64-mingw32/nios2-elf/lib/mno-hw-mul\libc.a(lib_a-memcpy.o)
                              ../initializer_bsp/\libhal_bsp.a(altera_avalon_jtag_uart_read.o) (memcpy)
f:/intelfpga_lite/18.1/nios2eds/bin/gnu/h-x86_64-mingw32/bin/../lib/gcc/nios2-elf/5.3.0/../../../../../H-x86_64-mingw32/nios2-elf/lib/mno-hw-mul\libc.a(lib_a-strlen.o)
                              ../initializer_bsp/\libhal_bsp.a(alt_find_dev.o) (strlen)
f:/intelfpga_lite/18.1/nios2eds/bin/gnu/h-x86_64-mingw32/bin/../lib/gcc/nios2-elf/5.3.0/../../../../../H-x86_64-mingw32/nios2-elf/lib/mno-hw-mul\libc.a(lib_a-__atexit.o)
                              f:/intelfpga_lite/18.1/nios2eds/bin/gnu/h-x86_64-mingw32/bin/../lib/gcc/nios2-elf/5.3.0/../../../../../H-x86_64-mingw32/nios2-elf/lib/mno-hw-mul\libc.a(lib_a-atexit.o) (__register_exitproc)
f:/intelfpga_lite/18.1/nios2eds/bin/gnu/h-x86_64-mingw32/bin/../lib/gcc/nios2-elf/5.3.0/../../../../../H-x86_64-mingw32/nios2-elf/lib/mno-hw-mul\libc.a(lib_a-__call_atexit.o)
                              f:/intelfpga_lite/18.1/nios2eds/bin/gnu/h-x86_64-mingw32/bin/../lib/gcc/nios2-elf/5.3.0/../../../../../H-x86_64-mingw32/nios2-elf/lib/mno-hw-mul\libc.a(lib_a-exit.o) (__call_exitprocs)
f:/intelfpga_lite/18.1/nios2eds/bin/gnu/h-x86_64-mingw32/bin/../lib/gcc/nios2-elf/5.3.0/mno-hw-mul\libgcc.a(lib2-mul.o)
                              ../initializer_bsp/\libhal_bsp.a(alt_close.o) (__mulsi3)
../initializer_bsp/\libhal_bsp.a(alt_exit.o)
                              f:/intelfpga_lite/18.1/nios2eds/bin/gnu/h-x86_64-mingw32/bin/../lib/gcc/nios2-elf/5.3.0/../../../../../H-x86_64-mingw32/nios2-elf/lib/mno-hw-mul\libc.a(lib_a-exit.o) (_exit)

Allocating common symbols
Common symbol       size              file

alt_irq             0x100             ../initializer_bsp/\libhal_bsp.a(alt_irq_handler.o)
errno               0x4               f:/intelfpga_lite/18.1/nios2eds/bin/gnu/h-x86_64-mingw32/bin/../lib/gcc/nios2-elf/5.3.0/../../../../../H-x86_64-mingw32/nios2-elf/lib/mno-hw-mul\libc.a(lib_a-int_errno.o)

Memory Configuration

Name             Origin             Length             Attributes
onchip_memory2_0 0x0000000000000000 0x0000000000000010
reset            0x0000000020000000 0x0000000000000020
onchip_memory2_1 0x0000000020000020 0x0000000000007fe0
*default*        0x0000000000000000 0xffffffffffffffff

Linker script and memory map

LOAD ../initializer_bsp//obj/HAL/src/crt0.o
LOAD obj/default/main.o
LOAD f:/intelfpga_lite/18.1/nios2eds/bin/gnu/h-x86_64-mingw32/bin/../lib/gcc/nios2-elf/5.3.0/../../../../../H-x86_64-mingw32/nios2-elf/lib/mno-hw-mul\libstdc++.a
LOAD f:/intelfpga_lite/18.1/nios2eds/bin/gnu/h-x86_64-mingw32/bin/../lib/gcc/nios2-elf/5.3.0/../../../../../H-x86_64-mingw32/nios2-elf/lib/mno-hw-mul\libm.a
LOAD f:/intelfpga_lite/18.1/nios2eds/bin/gnu/h-x86_64-mingw32/bin/../lib/gcc/nios2-elf/5.3.0/mno-hw-mul\libgcc.a
START GROUP
LOAD f:/intelfpga_lite/18.1/nios2eds/bin/gnu/h-x86_64-mingw32/bin/../lib/gcc/nios2-elf/5.3.0/../../../../../H-x86_64-mingw32/nios2-elf/lib/mno-hw-mul\libc.a
LOAD f:/intelfpga_lite/18.1/nios2eds/bin/gnu/h-x86_64-mingw32/bin/../lib/gcc/nios2-elf/5.3.0/mno-hw-mul\libgcc.a
LOAD ../initializer_bsp/\libhal_bsp.a
LOAD f:/intelfpga_lite/18.1/nios2eds/bin/gnu/h-x86_64-mingw32/bin/../lib/gcc/nios2-elf/5.3.0/../../../../../H-x86_64-mingw32/nios2-elf/lib/mno-hw-mul\libm.a
END GROUP
LOAD f:/intelfpga_lite/18.1/nios2eds/bin/gnu/h-x86_64-mingw32/bin/../lib/gcc/nios2-elf/5.3.0/mno-hw-mul\libgcc.a
                0x0000000000000000                __alt_mem_onchip_memory2_0 = 0x0
                0x0000000020000000                __alt_mem_onchip_memory2_1 = 0x20000000

.entry          0x0000000020000000       0x20
 *(.entry)
 .entry         0x0000000020000000       0x20 ../initializer_bsp//obj/HAL/src/crt0.o
                0x0000000020000000                __reset

.exceptions     0x0000000020000020      0x210
                0x0000000020000020                PROVIDE (__ram_exceptions_start, ABSOLUTE (.))
                0x0000000020000020                . = ALIGN (0x20)
 *(.irq)
 *(.exceptions.entry.label)
 .exceptions.entry.label
                0x0000000020000020        0x0 ../initializer_bsp/\libhal_bsp.a(alt_irq_entry.o)
                0x0000000020000020                alt_irq_entry
 .exceptions.entry.label
                0x0000000020000020        0x0 ../initializer_bsp/\libhal_bsp.a(alt_exception_entry.o)
                0x0000000020000020                alt_exception
 *(.exceptions.entry.user)
 *(.exceptions.entry.ecc_fatal)
 *(.exceptions.entry)
 .exceptions.entry
                0x0000000020000020       0x54 ../initializer_bsp/\libhal_bsp.a(alt_exception_entry.o)
 *(.exceptions.irqtest.user)
 *(.exceptions.irqtest)
 .exceptions.irqtest
                0x0000000020000074       0x10 ../initializer_bsp/\libhal_bsp.a(alt_irq_entry.o)
 *(.exceptions.irqhandler.user)
 *(.exceptions.irqhandler)
 .exceptions.irqhandler
                0x0000000020000084        0x4 ../initializer_bsp/\libhal_bsp.a(alt_irq_entry.o)
 *(.exceptions.irqreturn.user)
 *(.exceptions.irqreturn)
 .exceptions.irqreturn
                0x0000000020000088        0x4 ../initializer_bsp/\libhal_bsp.a(alt_irq_entry.o)
 *(.exceptions.notirq.label)
 .exceptions.notirq.label
                0x000000002000008c        0x0 ../initializer_bsp/\libhal_bsp.a(alt_irq_entry.o)
 *(.exceptions.notirq.user)
 *(.exceptions.notirq)
 .exceptions.notirq
                0x000000002000008c        0x8 ../initializer_bsp/\libhal_bsp.a(alt_exception_entry.o)
 *(.exceptions.soft.user)
 *(.exceptions.soft)
 *(.exceptions.unknown.user)
 *(.exceptions.unknown)
 .exceptions.unknown
                0x0000000020000094       0x14 ../initializer_bsp/\libhal_bsp.a(alt_exception_entry.o)
 *(.exceptions.exit.label)
 .exceptions.exit.label
                0x00000000200000a8        0x0 ../initializer_bsp/\libhal_bsp.a(alt_irq_entry.o)
 .exceptions.exit.label
                0x00000000200000a8        0x0 ../initializer_bsp/\libhal_bsp.a(alt_exception_entry.o)
 *(.exceptions.exit.user)
 *(.exceptions.exit)
 .exceptions.exit
                0x00000000200000a8       0x54 ../initializer_bsp/\libhal_bsp.a(alt_exception_entry.o)
 *(.exceptions)
 .exceptions    0x00000000200000fc       0xd4 ../initializer_bsp/\libhal_bsp.a(alt_irq_handler.o)
                0x00000000200000fc                alt_irq_handler
 .exceptions    0x00000000200001d0       0x60 ../initializer_bsp/\libhal_bsp.a(alt_instruction_exception_entry.o)
                0x00000000200001d0                alt_instruction_exception_entry
                0x0000000020000230                PROVIDE (__ram_exceptions_end, ABSOLUTE (.))
                0x0000000020000020                PROVIDE (__flash_exceptions_start, LOADADDR (.exceptions))

.text           0x0000000020000230     0x23a0
                [!provide]                        PROVIDE (stext, ABSOLUTE (.))
 *(.interp)
 *(.hash)
 *(.dynsym)
 *(.dynstr)
 *(.gnu.version)
 *(.gnu.version_d)
 *(.gnu.version_r)
 *(.rel.init)
 *(.rela.init)
 *(.rel.text .rel.text.* .rel.gnu.linkonce.t.*)
 *(.rela.text .rela.text.* .rela.gnu.linkonce.t.*)
 *(.rel.fini)
 *(.rela.fini)
 *(.rel.rodata .rel.rodata.* .rel.gnu.linkonce.r.*)
 *(.rela.rodata .rela.rodata.* .rela.gnu.linkonce.r.*)
 *(.rel.data .rel.data.* .rel.gnu.linkonce.d.*)
 *(.rela.data .rela.data.* .rela.gnu.linkonce.d.*)
 *(.rel.tdata .rel.tdata.* .rel.gnu.linkonce.td.*)
 *(.rela.tdata .rela.tdata.* .rela.gnu.linkonce.td.*)
 *(.rel.tbss .rel.tbss.* .rel.gnu.linkonce.tb.*)
 *(.rela.tbss .rela.tbss.* .rela.gnu.linkonce.tb.*)
 *(.rel.ctors)
 *(.rela.ctors)
 *(.rel.dtors)
 *(.rela.dtors)
 *(.rel.got)
 *(.rela.got)
 *(.rel.sdata .rel.sdata.* .rel.gnu.linkonce.s.*)
 *(.rela.sdata .rela.sdata.* .rela.gnu.linkonce.s.*)
 *(.rel.sbss .rel.sbss.* .rel.gnu.linkonce.sb.*)
 *(.rela.sbss .rela.sbss.* .rela.gnu.linkonce.sb.*)
 *(.rel.sdata2 .rel.sdata2.* .rel.gnu.linkonce.s2.*)
 *(.rela.sdata2 .rela.sdata2.* .rela.gnu.linkonce.s2.*)
 *(.rel.sbss2 .rel.sbss2.* .rel.gnu.linkonce.sb2.*)
 *(.rela.sbss2 .rela.sbss2.* .rela.gnu.linkonce.sb2.*)
 *(.rel.bss .rel.bss.* .rel.gnu.linkonce.b.*)
 *(.rela.bss .rela.bss.* .rela.gnu.linkonce.b.*)
 *(.rel.plt)
 *(.rela.plt)
 *(.rel.dyn)
 *(.init)
 *(.plt)
 *(.text .stub .text.* .gnu.linkonce.t.*)
 .text          0x0000000020000230       0x3c ../initializer_bsp//obj/HAL/src/crt0.o
                0x0000000020000230                _start
 .text          0x000000002000026c       0x20 obj/default/main.o
                0x000000002000026c                main
 .text          0x000000002000028c       0xec ../initializer_bsp/\libhal_bsp.a(alt_load.o)
                0x00000000200002f4                alt_load
 .text          0x0000000020000378       0x7c ../initializer_bsp/\libhal_bsp.a(alt_main.o)
                0x0000000020000378                alt_main
 .text          0x00000000200003f4       0xd0 ../initializer_bsp/\libhal_bsp.a(alt_sys_init.o)
                0x0000000020000428                alt_irq_init
                0x0000000020000460                alt_sys_init
 .text          0x00000000200004c4      0x164 ../initializer_bsp/\libhal_bsp.a(altera_avalon_jtag_uart_fd.o)
                0x00000000200004c4                altera_avalon_jtag_uart_read_fd
                0x0000000020000524                altera_avalon_jtag_uart_write_fd
                0x0000000020000584                altera_avalon_jtag_uart_close_fd
                0x00000000200005d4                altera_avalon_jtag_uart_ioctl_fd
 .text          0x0000000020000628      0x3d4 ../initializer_bsp/\libhal_bsp.a(altera_avalon_jtag_uart_init.o)
                0x0000000020000628                altera_avalon_jtag_uart_init
                0x0000000020000994                altera_avalon_jtag_uart_close
 .text          0x00000000200009fc       0xf0 ../initializer_bsp/\libhal_bsp.a(altera_avalon_jtag_uart_ioctl.o)
                0x00000000200009fc                altera_avalon_jtag_uart_ioctl
 .text          0x0000000020000aec      0x21c ../initializer_bsp/\libhal_bsp.a(altera_avalon_jtag_uart_read.o)
                0x0000000020000aec                altera_avalon_jtag_uart_read
 .text          0x0000000020000d08      0x224 ../initializer_bsp/\libhal_bsp.a(altera_avalon_jtag_uart_write.o)
                0x0000000020000d08                altera_avalon_jtag_uart_write
 .text          0x0000000020000f2c       0xf4 ../initializer_bsp/\libhal_bsp.a(altera_avalon_timer_sc.o)
                0x0000000020000fa4                alt_avalon_timer_sc_init
 .text          0x0000000020001020      0x12c ../initializer_bsp/\libhal_bsp.a(alt_alarm_start.o)
                0x0000000020001020                alt_alarm_start
 .text          0x000000002000114c      0x114 ../initializer_bsp/\libhal_bsp.a(alt_close.o)
                0x0000000020001188                close
 .text          0x0000000020001260       0x20 ../initializer_bsp/\libhal_bsp.a(alt_dcache_flush_all.o)
                0x0000000020001260                alt_dcache_flush_all
 .text          0x0000000020001280       0x2c ../initializer_bsp/\libhal_bsp.a(alt_dev.o)
 .text          0x00000000200012ac       0xe0 ../initializer_bsp/\libhal_bsp.a(alt_dev_llist_insert.o)
                0x00000000200012e8                alt_dev_llist_insert
 .text          0x000000002000138c       0x60 ../initializer_bsp/\libhal_bsp.a(alt_do_ctors.o)
                0x000000002000138c                _do_ctors
 .text          0x00000000200013ec       0x60 ../initializer_bsp/\libhal_bsp.a(alt_do_dtors.o)
                0x00000000200013ec                _do_dtors
 .text          0x000000002000144c        0x0 ../initializer_bsp/\libhal_bsp.a(alt_errno.o)
 .text          0x000000002000144c       0x20 ../initializer_bsp/\libhal_bsp.a(alt_icache_flush_all.o)
                0x000000002000144c                alt_icache_flush_all
 .text          0x000000002000146c      0x1b0 ../initializer_bsp/\libhal_bsp.a(alt_iic.o)
                0x000000002000146c                alt_ic_isr_register
                0x00000000200014bc                alt_ic_irq_enable
                0x0000000020001544                alt_ic_irq_disable
                0x00000000200015d0                alt_ic_irq_enabled
 .text          0x000000002000161c       0xf0 ../initializer_bsp/\libhal_bsp.a(alt_iic_isr_register.o)
                0x000000002000161c                alt_iic_isr_register
 .text          0x000000002000170c      0x160 ../initializer_bsp/\libhal_bsp.a(alt_io_redirect.o)
                0x00000000200017f0                alt_io_redirect
 .text          0x000000002000186c        0x0 ../initializer_bsp/\libhal_bsp.a(alt_irq_entry.o)
 .text          0x000000002000186c        0x0 ../initializer_bsp/\libhal_bsp.a(alt_irq_handler.o)
 .text          0x000000002000186c        0x0 ../initializer_bsp/\libhal_bsp.a(alt_irq_vars.o)
 .text          0x000000002000186c      0x284 ../initializer_bsp/\libhal_bsp.a(alt_open.o)
                0x0000000020001994                open
 .text          0x0000000020001af0       0x84 ../initializer_bsp/\libhal_bsp.a(alt_release_fd.o)
                0x0000000020001af0                alt_release_fd
 .text          0x0000000020001b74      0x1a4 ../initializer_bsp/\libhal_bsp.a(alt_tick.o)
                0x0000000020001b74                alt_alarm_stop
                0x0000000020001c10                alt_tick
 .text          0x0000000020001d18       0x24 ../initializer_bsp/\libhal_bsp.a(altera_nios2_gen2_irq.o)
                0x0000000020001d18                altera_nios2_gen2_irq_init
 .text          0x0000000020001d3c        0x0 ../initializer_bsp/\libhal_bsp.a(alt_exception_entry.o)
 .text          0x0000000020001d3c       0x90 ../initializer_bsp/\libhal_bsp.a(alt_find_dev.o)
                0x0000000020001d3c                alt_find_dev
 .text          0x0000000020001dcc      0x108 ../initializer_bsp/\libhal_bsp.a(alt_find_file.o)
                0x0000000020001dcc                alt_find_file
 .text          0x0000000020001ed4       0xc4 ../initializer_bsp/\libhal_bsp.a(alt_get_fd.o)
                0x0000000020001ed4                alt_get_fd
 .text          0x0000000020001f98       0x9c ../initializer_bsp/\libhal_bsp.a(alt_instruction_exception_entry.o)
                0x0000000020001f98                alt_exception_cause_generated_bad_addr
 .text          0x0000000020002034        0x0 f:/intelfpga_lite/18.1/nios2eds/bin/gnu/h-x86_64-mingw32/bin/../lib/gcc/nios2-elf/5.3.0/../../../../../H-x86_64-mingw32/nios2-elf/lib/mno-hw-mul\libc.a(lib_a-atexit.o)
 .text.atexit   0x0000000020002034       0x14 f:/intelfpga_lite/18.1/nios2eds/bin/gnu/h-x86_64-mingw32/bin/../lib/gcc/nios2-elf/5.3.0/../../../../../H-x86_64-mingw32/nios2-elf/lib/mno-hw-mul\libc.a(lib_a-atexit.o)
                0x0000000020002034                atexit
 .text          0x0000000020002048        0x0 f:/intelfpga_lite/18.1/nios2eds/bin/gnu/h-x86_64-mingw32/bin/../lib/gcc/nios2-elf/5.3.0/../../../../../H-x86_64-mingw32/nios2-elf/lib/mno-hw-mul\libc.a(lib_a-exit.o)
 .text.exit     0x0000000020002048       0x38 f:/intelfpga_lite/18.1/nios2eds/bin/gnu/h-x86_64-mingw32/bin/../lib/gcc/nios2-elf/5.3.0/../../../../../H-x86_64-mingw32/nios2-elf/lib/mno-hw-mul\libc.a(lib_a-exit.o)
                0x0000000020002048                exit
 .text          0x0000000020002080        0x0 f:/intelfpga_lite/18.1/nios2eds/bin/gnu/h-x86_64-mingw32/bin/../lib/gcc/nios2-elf/5.3.0/../../../../../H-x86_64-mingw32/nios2-elf/lib/mno-hw-mul\libc.a(lib_a-impure.o)
 .text          0x0000000020002080        0x0 f:/intelfpga_lite/18.1/nios2eds/bin/gnu/h-x86_64-mingw32/bin/../lib/gcc/nios2-elf/5.3.0/../../../../../H-x86_64-mingw32/nios2-elf/lib/mno-hw-mul\libc.a(lib_a-int_errno.o)
 .text          0x0000000020002080        0x0 f:/intelfpga_lite/18.1/nios2eds/bin/gnu/h-x86_64-mingw32/bin/../lib/gcc/nios2-elf/5.3.0/../../../../../H-x86_64-mingw32/nios2-elf/lib/mno-hw-mul\libc.a(lib_a-memcmp.o)
 .text.memcmp   0x0000000020002080       0x7c f:/intelfpga_lite/18.1/nios2eds/bin/gnu/h-x86_64-mingw32/bin/../lib/gcc/nios2-elf/5.3.0/../../../../../H-x86_64-mingw32/nios2-elf/lib/mno-hw-mul\libc.a(lib_a-memcmp.o)
                0x0000000020002080                memcmp
 .text          0x00000000200020fc        0x0 f:/intelfpga_lite/18.1/nios2eds/bin/gnu/h-x86_64-mingw32/bin/../lib/gcc/nios2-elf/5.3.0/../../../../../H-x86_64-mingw32/nios2-elf/lib/mno-hw-mul\libc.a(lib_a-memcpy.o)
 .text.memcpy   0x00000000200020fc      0x148 f:/intelfpga_lite/18.1/nios2eds/bin/gnu/h-x86_64-mingw32/bin/../lib/gcc/nios2-elf/5.3.0/../../../../../H-x86_64-mingw32/nios2-elf/lib/mno-hw-mul\libc.a(lib_a-memcpy.o)
                0x00000000200020fc                memcpy
 .text          0x0000000020002244        0x0 f:/intelfpga_lite/18.1/nios2eds/bin/gnu/h-x86_64-mingw32/bin/../lib/gcc/nios2-elf/5.3.0/../../../../../H-x86_64-mingw32/nios2-elf/lib/mno-hw-mul\libc.a(lib_a-strlen.o)
 .text.strlen   0x0000000020002244       0x98 f:/intelfpga_lite/18.1/nios2eds/bin/gnu/h-x86_64-mingw32/bin/../lib/gcc/nios2-elf/5.3.0/../../../../../H-x86_64-mingw32/nios2-elf/lib/mno-hw-mul\libc.a(lib_a-strlen.o)
                0x0000000020002244                strlen
 .text          0x00000000200022dc        0x0 f:/intelfpga_lite/18.1/nios2eds/bin/gnu/h-x86_64-mingw32/bin/../lib/gcc/nios2-elf/5.3.0/../../../../../H-x86_64-mingw32/nios2-elf/lib/mno-hw-mul\libc.a(lib_a-__atexit.o)
 .text.__register_exitproc
                0x00000000200022dc      0x118 f:/intelfpga_lite/18.1/nios2eds/bin/gnu/h-x86_64-mingw32/bin/../lib/gcc/nios2-elf/5.3.0/../../../../../H-x86_64-mingw32/nios2-elf/lib/mno-hw-mul\libc.a(lib_a-__atexit.o)
                0x00000000200022dc                __register_exitproc
 .text          0x00000000200023f4        0x0 f:/intelfpga_lite/18.1/nios2eds/bin/gnu/h-x86_64-mingw32/bin/../lib/gcc/nios2-elf/5.3.0/../../../../../H-x86_64-mingw32/nios2-elf/lib/mno-hw-mul\libc.a(lib_a-__call_atexit.o)
 .text.__call_exitprocs
                0x00000000200023f4      0x180 f:/intelfpga_lite/18.1/nios2eds/bin/gnu/h-x86_64-mingw32/bin/../lib/gcc/nios2-elf/5.3.0/../../../../../H-x86_64-mingw32/nios2-elf/lib/mno-hw-mul\libc.a(lib_a-__call_atexit.o)
                0x00000000200023f4                __call_exitprocs
 .text          0x0000000020002574       0x28 f:/intelfpga_lite/18.1/nios2eds/bin/gnu/h-x86_64-mingw32/bin/../lib/gcc/nios2-elf/5.3.0/mno-hw-mul\libgcc.a(lib2-mul.o)
                0x0000000020002574                __mulsi3
 .text          0x000000002000259c       0x34 ../initializer_bsp/\libhal_bsp.a(alt_exit.o)
                0x000000002000259c                _exit
 *(.gnu.warning.*)
 *(.fini)
                [!provide]                        PROVIDE (__etext, ABSOLUTE (.))
                [!provide]                        PROVIDE (_etext, ABSOLUTE (.))
                [!provide]                        PROVIDE (etext, ABSOLUTE (.))
 *(.eh_frame_hdr)
                0x00000000200025d0                . = ALIGN (0x4)
                [!provide]                        PROVIDE (__preinit_array_start, ABSOLUTE (.))
 *(.preinit_array)
                [!provide]                        PROVIDE (__preinit_array_end, ABSOLUTE (.))
                [!provide]                        PROVIDE (__init_array_start, ABSOLUTE (.))
 *(.init_array)
                [!provide]                        PROVIDE (__init_array_end, ABSOLUTE (.))
                [!provide]                        PROVIDE (__fini_array_start, ABSOLUTE (.))
 *(.fini_array)
                [!provide]                        PROVIDE (__fini_array_end, ABSOLUTE (.))
 *(.eh_frame)
 *(.gcc_except_table .gcc_except_table.*)
 *(.dynamic)
                0x00000000200025d0                PROVIDE (__CTOR_LIST__, ABSOLUTE (.))
 *(.ctors)
 *(SORT(.ctors.*))
                0x00000000200025d0                PROVIDE (__CTOR_END__, ABSOLUTE (.))
                0x00000000200025d0                PROVIDE (__DTOR_LIST__, ABSOLUTE (.))
 *(.dtors)
 *(SORT(.dtors.*))
                0x00000000200025d0                PROVIDE (__DTOR_END__, ABSOLUTE (.))
 *(.jcr)
                0x00000000200025d0                . = ALIGN (0x4)

.rodata         0x00000000200025d0       0x38
                0x00000000200025d0                PROVIDE (__ram_rodata_start, ABSOLUTE (.))
                0x00000000200025d0                . = ALIGN (0x4)
 *(.rodata .rodata.* .gnu.linkonce.r.*)
 .rodata        0x00000000200025d0       0x11 ../initializer_bsp/\libhal_bsp.a(alt_main.o)
 *fill*         0x00000000200025e1        0x3 
 .rodata        0x00000000200025e4       0x11 ../initializer_bsp/\libhal_bsp.a(alt_sys_init.o)
 *fill*         0x00000000200025f5        0x3 
 .rodata        0x00000000200025f8        0xa ../initializer_bsp/\libhal_bsp.a(alt_dev.o)
 *fill*         0x0000000020002602        0x2 
 .rodata.str1.4
                0x0000000020002604        0x4 f:/intelfpga_lite/18.1/nios2eds/bin/gnu/h-x86_64-mingw32/bin/../lib/gcc/nios2-elf/5.3.0/../../../../../H-x86_64-mingw32/nios2-elf/lib/mno-hw-mul\libc.a(lib_a-impure.o)
                                          0x2 (size before relaxing)
 *(.rodata1)
                0x0000000020002608                . = ALIGN (0x4)
                0x0000000020002608                PROVIDE (__ram_rodata_end, ABSOLUTE (.))
                0x00000000200025d0                PROVIDE (__flash_rodata_start, LOADADDR (.rodata))

.rwdata         0x0000000020002608     0x1658 load address 0x0000000020003c60
                0x0000000020002608                PROVIDE (__ram_rwdata_start, ABSOLUTE (.))
                0x0000000020002608                . = ALIGN (0x4)
 *(.got.plt)
 *(.got)
 *(.data1)
 *(.data .data.* .gnu.linkonce.d.*)
 .data          0x0000000020002608        0x0 ../initializer_bsp//obj/HAL/src/crt0.o
 .data          0x0000000020002608        0x0 obj/default/main.o
 .data          0x0000000020002608        0x0 ../initializer_bsp/\libhal_bsp.a(alt_load.o)
 .data          0x0000000020002608        0x0 ../initializer_bsp/\libhal_bsp.a(alt_main.o)
 .data          0x0000000020002608     0x1060 ../initializer_bsp/\libhal_bsp.a(alt_sys_init.o)
 .data          0x0000000020003668        0x0 ../initializer_bsp/\libhal_bsp.a(altera_avalon_jtag_uart_fd.o)
 .data          0x0000000020003668        0x0 ../initializer_bsp/\libhal_bsp.a(altera_avalon_jtag_uart_init.o)
 .data          0x0000000020003668        0x0 ../initializer_bsp/\libhal_bsp.a(altera_avalon_jtag_uart_ioctl.o)
 .data          0x0000000020003668        0x0 ../initializer_bsp/\libhal_bsp.a(altera_avalon_jtag_uart_read.o)
 .data          0x0000000020003668        0x0 ../initializer_bsp/\libhal_bsp.a(altera_avalon_jtag_uart_write.o)
 .data          0x0000000020003668        0x0 ../initializer_bsp/\libhal_bsp.a(altera_avalon_timer_sc.o)
 .data          0x0000000020003668        0x0 ../initializer_bsp/\libhal_bsp.a(alt_alarm_start.o)
 .data          0x0000000020003668        0x0 ../initializer_bsp/\libhal_bsp.a(alt_close.o)
 .data          0x0000000020003668        0x0 ../initializer_bsp/\libhal_bsp.a(alt_dcache_flush_all.o)
 .data          0x0000000020003668      0x1a8 ../initializer_bsp/\libhal_bsp.a(alt_dev.o)
                0x0000000020003668                alt_dev_null
                0x0000000020003690                alt_fd_list
 .data          0x0000000020003810        0x0 ../initializer_bsp/\libhal_bsp.a(alt_dev_llist_insert.o)
 .data          0x0000000020003810        0x0 ../initializer_bsp/\libhal_bsp.a(alt_do_ctors.o)
 .data          0x0000000020003810        0x0 ../initializer_bsp/\libhal_bsp.a(alt_do_dtors.o)
 .data          0x0000000020003810        0x0 ../initializer_bsp/\libhal_bsp.a(alt_errno.o)
 .data          0x0000000020003810        0x0 ../initializer_bsp/\libhal_bsp.a(alt_icache_flush_all.o)
 .data          0x0000000020003810        0x0 ../initializer_bsp/\libhal_bsp.a(alt_iic.o)
 .data          0x0000000020003810        0x0 ../initializer_bsp/\libhal_bsp.a(alt_iic_isr_register.o)
 .data          0x0000000020003810        0x0 ../initializer_bsp/\libhal_bsp.a(alt_io_redirect.o)
 .data          0x0000000020003810        0x0 ../initializer_bsp/\libhal_bsp.a(alt_irq_entry.o)
 .data          0x0000000020003810        0x0 ../initializer_bsp/\libhal_bsp.a(alt_irq_handler.o)
 .data          0x0000000020003810        0x0 ../initializer_bsp/\libhal_bsp.a(alt_irq_vars.o)
 .data          0x0000000020003810        0x0 ../initializer_bsp/\libhal_bsp.a(alt_open.o)
 .data          0x0000000020003810        0x0 ../initializer_bsp/\libhal_bsp.a(alt_release_fd.o)
 .data          0x0000000020003810        0x0 ../initializer_bsp/\libhal_bsp.a(alt_tick.o)
 .data          0x0000000020003810        0x0 ../initializer_bsp/\libhal_bsp.a(altera_nios2_gen2_irq.o)
 .data          0x0000000020003810        0x0 ../initializer_bsp/\libhal_bsp.a(alt_exception_entry.o)
 .data          0x0000000020003810        0x0 ../initializer_bsp/\libhal_bsp.a(alt_find_dev.o)
 .data          0x0000000020003810        0x0 ../initializer_bsp/\libhal_bsp.a(alt_find_file.o)
 .data          0x0000000020003810        0x0 ../initializer_bsp/\libhal_bsp.a(alt_get_fd.o)
 .data          0x0000000020003810        0x0 ../initializer_bsp/\libhal_bsp.a(alt_instruction_exception_entry.o)
 .data          0x0000000020003810        0x0 f:/intelfpga_lite/18.1/nios2eds/bin/gnu/h-x86_64-mingw32/bin/../lib/gcc/nios2-elf/5.3.0/../../../../../H-x86_64-mingw32/nios2-elf/lib/mno-hw-mul\libc.a(lib_a-atexit.o)
 .data          0x0000000020003810        0x0 f:/intelfpga_lite/18.1/nios2eds/bin/gnu/h-x86_64-mingw32/bin/../lib/gcc/nios2-elf/5.3.0/../../../../../H-x86_64-mingw32/nios2-elf/lib/mno-hw-mul\libc.a(lib_a-exit.o)
 .data          0x0000000020003810        0x0 f:/intelfpga_lite/18.1/nios2eds/bin/gnu/h-x86_64-mingw32/bin/../lib/gcc/nios2-elf/5.3.0/../../../../../H-x86_64-mingw32/nios2-elf/lib/mno-hw-mul\libc.a(lib_a-impure.o)
 .data.impure_data
                0x0000000020003810      0x424 f:/intelfpga_lite/18.1/nios2eds/bin/gnu/h-x86_64-mingw32/bin/../lib/gcc/nios2-elf/5.3.0/../../../../../H-x86_64-mingw32/nios2-elf/lib/mno-hw-mul\libc.a(lib_a-impure.o)
 .data          0x0000000020003c34        0x0 f:/intelfpga_lite/18.1/nios2eds/bin/gnu/h-x86_64-mingw32/bin/../lib/gcc/nios2-elf/5.3.0/../../../../../H-x86_64-mingw32/nios2-elf/lib/mno-hw-mul\libc.a(lib_a-int_errno.o)
 .data          0x0000000020003c34        0x0 f:/intelfpga_lite/18.1/nios2eds/bin/gnu/h-x86_64-mingw32/bin/../lib/gcc/nios2-elf/5.3.0/../../../../../H-x86_64-mingw32/nios2-elf/lib/mno-hw-mul\libc.a(lib_a-memcmp.o)
 .data          0x0000000020003c34        0x0 f:/intelfpga_lite/18.1/nios2eds/bin/gnu/h-x86_64-mingw32/bin/../lib/gcc/nios2-elf/5.3.0/../../../../../H-x86_64-mingw32/nios2-elf/lib/mno-hw-mul\libc.a(lib_a-memcpy.o)
 .data          0x0000000020003c34        0x0 f:/intelfpga_lite/18.1/nios2eds/bin/gnu/h-x86_64-mingw32/bin/../lib/gcc/nios2-elf/5.3.0/../../../../../H-x86_64-mingw32/nios2-elf/lib/mno-hw-mul\libc.a(lib_a-strlen.o)
 .data          0x0000000020003c34        0x0 f:/intelfpga_lite/18.1/nios2eds/bin/gnu/h-x86_64-mingw32/bin/../lib/gcc/nios2-elf/5.3.0/../../../../../H-x86_64-mingw32/nios2-elf/lib/mno-hw-mul\libc.a(lib_a-__atexit.o)
 .data          0x0000000020003c34        0x0 f:/intelfpga_lite/18.1/nios2eds/bin/gnu/h-x86_64-mingw32/bin/../lib/gcc/nios2-elf/5.3.0/../../../../../H-x86_64-mingw32/nios2-elf/lib/mno-hw-mul\libc.a(lib_a-__call_atexit.o)
 .data          0x0000000020003c34        0x0 f:/intelfpga_lite/18.1/nios2eds/bin/gnu/h-x86_64-mingw32/bin/../lib/gcc/nios2-elf/5.3.0/mno-hw-mul\libgcc.a(lib2-mul.o)
 .data          0x0000000020003c34        0x0 ../initializer_bsp/\libhal_bsp.a(alt_exit.o)
                0x000000002000bc34                _gp = ABSOLUTE ((. + 0x8000))
                [!provide]                        PROVIDE (gp, _gp)
 *(.rwdata .rwdata.*)
 *(.sdata .sdata.* .gnu.linkonce.s.*)
 .sdata         0x0000000020003c34       0x14 ../initializer_bsp/\libhal_bsp.a(alt_dev.o)
                0x0000000020003c34                alt_fs_list
                0x0000000020003c3c                alt_dev_list
                0x0000000020003c44                alt_max_fd
 .sdata         0x0000000020003c48        0x4 ../initializer_bsp/\libhal_bsp.a(alt_errno.o)
                0x0000000020003c48                alt_errno
 .sdata         0x0000000020003c4c        0x4 ../initializer_bsp/\libhal_bsp.a(alt_irq_vars.o)
                0x0000000020003c4c                alt_priority_mask
 .sdata         0x0000000020003c50        0x8 ../initializer_bsp/\libhal_bsp.a(alt_tick.o)
                0x0000000020003c50                alt_alarm_list
 .sdata._global_impure_ptr
                0x0000000020003c58        0x4 f:/intelfpga_lite/18.1/nios2eds/bin/gnu/h-x86_64-mingw32/bin/../lib/gcc/nios2-elf/5.3.0/../../../../../H-x86_64-mingw32/nios2-elf/lib/mno-hw-mul\libc.a(lib_a-impure.o)
                0x0000000020003c58                _global_impure_ptr
 .sdata._impure_ptr
                0x0000000020003c5c        0x4 f:/intelfpga_lite/18.1/nios2eds/bin/gnu/h-x86_64-mingw32/bin/../lib/gcc/nios2-elf/5.3.0/../../../../../H-x86_64-mingw32/nios2-elf/lib/mno-hw-mul\libc.a(lib_a-impure.o)
                0x0000000020003c5c                _impure_ptr
 *(.sdata2 .sdata2.* .gnu.linkonce.s2.*)
                0x0000000020003c60                . = ALIGN (0x4)
                0x0000000020003c60                _edata = ABSOLUTE (.)
                [!provide]                        PROVIDE (edata, ABSOLUTE (.))
                0x0000000020003c60                PROVIDE (__ram_rwdata_end, ABSOLUTE (.))
                0x0000000020003c60                PROVIDE (__flash_rwdata_start, LOADADDR (.rwdata))

.bss            0x00000000200052b8      0x120
                0x00000000200052b8                __bss_start = ABSOLUTE (.)
                [!provide]                        PROVIDE (__sbss_start, ABSOLUTE (.))
                [!provide]                        PROVIDE (___sbss_start, ABSOLUTE (.))
 *(.dynsbss)
 *(.sbss .sbss.* .gnu.linkonce.sb.*)
 .sbss          0x00000000200052b8        0xc ../initializer_bsp/\libhal_bsp.a(alt_main.o)
                0x00000000200052b8                alt_argc
                0x00000000200052bc                alt_argv
                0x00000000200052c0                alt_envp
 .sbss          0x00000000200052c4        0x4 ../initializer_bsp/\libhal_bsp.a(alt_irq_vars.o)
                0x00000000200052c4                alt_irq_active
 .sbss          0x00000000200052c8        0x8 ../initializer_bsp/\libhal_bsp.a(alt_tick.o)
                0x00000000200052c8                _alt_tick_rate
                0x00000000200052cc                _alt_nticks
 .sbss          0x00000000200052d0        0x4 ../initializer_bsp/\libhal_bsp.a(alt_instruction_exception_entry.o)
                0x00000000200052d0                alt_instruction_exception_handler
 .sbss          0x00000000200052d4        0x4 f:/intelfpga_lite/18.1/nios2eds/bin/gnu/h-x86_64-mingw32/bin/../lib/gcc/nios2-elf/5.3.0/../../../../../H-x86_64-mingw32/nios2-elf/lib/mno-hw-mul\libc.a(lib_a-int_errno.o)
                0x00000000200052d4                errno
 *(.sbss2 .sbss2.* .gnu.linkonce.sb2.*)
 *(.scommon)
                [!provide]                        PROVIDE (__sbss_end, ABSOLUTE (.))
                [!provide]                        PROVIDE (___sbss_end, ABSOLUTE (.))
 *(.dynbss)
 *(.bss .bss.* .gnu.linkonce.b.*)
 .bss           0x00000000200052d8        0x0 ../initializer_bsp//obj/HAL/src/crt0.o
 .bss           0x00000000200052d8        0x0 obj/default/main.o
 .bss           0x00000000200052d8        0x0 ../initializer_bsp/\libhal_bsp.a(alt_load.o)
 .bss           0x00000000200052d8        0x0 ../initializer_bsp/\libhal_bsp.a(alt_main.o)
 .bss           0x00000000200052d8        0x0 ../initializer_bsp/\libhal_bsp.a(alt_sys_init.o)
 .bss           0x00000000200052d8        0x0 ../initializer_bsp/\libhal_bsp.a(altera_avalon_jtag_uart_fd.o)
 .bss           0x00000000200052d8        0x0 ../initializer_bsp/\libhal_bsp.a(altera_avalon_jtag_uart_init.o)
 .bss           0x00000000200052d8        0x0 ../initializer_bsp/\libhal_bsp.a(altera_avalon_jtag_uart_ioctl.o)
 .bss           0x00000000200052d8        0x0 ../initializer_bsp/\libhal_bsp.a(altera_avalon_jtag_uart_read.o)
 .bss           0x00000000200052d8        0x0 ../initializer_bsp/\libhal_bsp.a(altera_avalon_jtag_uart_write.o)
 .bss           0x00000000200052d8        0x0 ../initializer_bsp/\libhal_bsp.a(altera_avalon_timer_sc.o)
 .bss           0x00000000200052d8        0x0 ../initializer_bsp/\libhal_bsp.a(alt_alarm_start.o)
 .bss           0x00000000200052d8        0x0 ../initializer_bsp/\libhal_bsp.a(alt_close.o)
 .bss           0x00000000200052d8        0x0 ../initializer_bsp/\libhal_bsp.a(alt_dcache_flush_all.o)
 .bss           0x00000000200052d8        0x0 ../initializer_bsp/\libhal_bsp.a(alt_dev.o)
 .bss           0x00000000200052d8        0x0 ../initializer_bsp/\libhal_bsp.a(alt_dev_llist_insert.o)
 .bss           0x00000000200052d8        0x0 ../initializer_bsp/\libhal_bsp.a(alt_do_ctors.o)
 .bss           0x00000000200052d8        0x0 ../initializer_bsp/\libhal_bsp.a(alt_do_dtors.o)
 .bss           0x00000000200052d8        0x0 ../initializer_bsp/\libhal_bsp.a(alt_errno.o)
 .bss           0x00000000200052d8        0x0 ../initializer_bsp/\libhal_bsp.a(alt_icache_flush_all.o)
 .bss           0x00000000200052d8        0x0 ../initializer_bsp/\libhal_bsp.a(alt_iic.o)
 .bss           0x00000000200052d8        0x0 ../initializer_bsp/\libhal_bsp.a(alt_iic_isr_register.o)
 .bss           0x00000000200052d8        0x0 ../initializer_bsp/\libhal_bsp.a(alt_io_redirect.o)
 .bss           0x00000000200052d8        0x0 ../initializer_bsp/\libhal_bsp.a(alt_irq_entry.o)
 .bss           0x00000000200052d8        0x0 ../initializer_bsp/\libhal_bsp.a(alt_irq_handler.o)
 .bss           0x00000000200052d8        0x0 ../initializer_bsp/\libhal_bsp.a(alt_irq_vars.o)
 .bss           0x00000000200052d8        0x0 ../initializer_bsp/\libhal_bsp.a(alt_open.o)
 .bss           0x00000000200052d8        0x0 ../initializer_bsp/\libhal_bsp.a(alt_release_fd.o)
 .bss           0x00000000200052d8        0x0 ../initializer_bsp/\libhal_bsp.a(alt_tick.o)
 .bss           0x00000000200052d8        0x0 ../initializer_bsp/\libhal_bsp.a(altera_nios2_gen2_irq.o)
 .bss           0x00000000200052d8        0x0 ../initializer_bsp/\libhal_bsp.a(alt_exception_entry.o)
 .bss           0x00000000200052d8        0x0 ../initializer_bsp/\libhal_bsp.a(alt_find_dev.o)
 .bss           0x00000000200052d8        0x0 ../initializer_bsp/\libhal_bsp.a(alt_find_file.o)
 .bss           0x00000000200052d8        0x0 ../initializer_bsp/\libhal_bsp.a(alt_get_fd.o)
 .bss           0x00000000200052d8        0x0 ../initializer_bsp/\libhal_bsp.a(alt_instruction_exception_entry.o)
 .bss           0x00000000200052d8        0x0 f:/intelfpga_lite/18.1/nios2eds/bin/gnu/h-x86_64-mingw32/bin/../lib/gcc/nios2-elf/5.3.0/../../../../../H-x86_64-mingw32/nios2-elf/lib/mno-hw-mul\libc.a(lib_a-atexit.o)
 .bss           0x00000000200052d8        0x0 f:/intelfpga_lite/18.1/nios2eds/bin/gnu/h-x86_64-mingw32/bin/../lib/gcc/nios2-elf/5.3.0/../../../../../H-x86_64-mingw32/nios2-elf/lib/mno-hw-mul\libc.a(lib_a-exit.o)
 .bss           0x00000000200052d8        0x0 f:/intelfpga_lite/18.1/nios2eds/bin/gnu/h-x86_64-mingw32/bin/../lib/gcc/nios2-elf/5.3.0/../../../../../H-x86_64-mingw32/nios2-elf/lib/mno-hw-mul\libc.a(lib_a-impure.o)
 .bss           0x00000000200052d8        0x0 f:/intelfpga_lite/18.1/nios2eds/bin/gnu/h-x86_64-mingw32/bin/../lib/gcc/nios2-elf/5.3.0/../../../../../H-x86_64-mingw32/nios2-elf/lib/mno-hw-mul\libc.a(lib_a-int_errno.o)
 .bss           0x00000000200052d8        0x0 f:/intelfpga_lite/18.1/nios2eds/bin/gnu/h-x86_64-mingw32/bin/../lib/gcc/nios2-elf/5.3.0/../../../../../H-x86_64-mingw32/nios2-elf/lib/mno-hw-mul\libc.a(lib_a-memcmp.o)
 .bss           0x00000000200052d8        0x0 f:/intelfpga_lite/18.1/nios2eds/bin/gnu/h-x86_64-mingw32/bin/../lib/gcc/nios2-elf/5.3.0/../../../../../H-x86_64-mingw32/nios2-elf/lib/mno-hw-mul\libc.a(lib_a-memcpy.o)
 .bss           0x00000000200052d8        0x0 f:/intelfpga_lite/18.1/nios2eds/bin/gnu/h-x86_64-mingw32/bin/../lib/gcc/nios2-elf/5.3.0/../../../../../H-x86_64-mingw32/nios2-elf/lib/mno-hw-mul\libc.a(lib_a-strlen.o)
 .bss           0x00000000200052d8        0x0 f:/intelfpga_lite/18.1/nios2eds/bin/gnu/h-x86_64-mingw32/bin/../lib/gcc/nios2-elf/5.3.0/../../../../../H-x86_64-mingw32/nios2-elf/lib/mno-hw-mul\libc.a(lib_a-__atexit.o)
 .bss           0x00000000200052d8        0x0 f:/intelfpga_lite/18.1/nios2eds/bin/gnu/h-x86_64-mingw32/bin/../lib/gcc/nios2-elf/5.3.0/../../../../../H-x86_64-mingw32/nios2-elf/lib/mno-hw-mul\libc.a(lib_a-__call_atexit.o)
 .bss           0x00000000200052d8        0x0 f:/intelfpga_lite/18.1/nios2eds/bin/gnu/h-x86_64-mingw32/bin/../lib/gcc/nios2-elf/5.3.0/mno-hw-mul\libgcc.a(lib2-mul.o)
 .bss           0x00000000200052d8        0x0 ../initializer_bsp/\libhal_bsp.a(alt_exit.o)
 *(COMMON)
 COMMON         0x00000000200052d8      0x100 ../initializer_bsp/\libhal_bsp.a(alt_irq_handler.o)
                0x00000000200052d8                alt_irq
                0x00000000200053d8                . = ALIGN (0x4)
                0x00000000200053d8                __bss_end = ABSOLUTE (.)

.onchip_memory2_0
                0x0000000000000000        0x0 load address 0x00000000200053d8
                [!provide]                        PROVIDE (_alt_partition_onchip_memory2_0_start, ABSOLUTE (.))
 *(.onchip_memory2_0 .onchip_memory2_0. onchip_memory2_0.*)
                0x0000000000000000                . = ALIGN (0x4)
                [!provide]                        PROVIDE (_alt_partition_onchip_memory2_0_end, ABSOLUTE (.))
                [!provide]                        PROVIDE (_alt_partition_onchip_memory2_0_load_addr, LOADADDR (.onchip_memory2_0))

.onchip_memory2_1
                0x00000000200053d8        0x0
                [!provide]                        PROVIDE (_alt_partition_onchip_memory2_1_start, ABSOLUTE (.))
 *(.onchip_memory2_1 .onchip_memory2_1. onchip_memory2_1.*)
                0x00000000200053d8                . = ALIGN (0x4)
                [!provide]                        PROVIDE (_alt_partition_onchip_memory2_1_end, ABSOLUTE (.))
                0x00000000200053d8                _end = ABSOLUTE (.)
                0x00000000200053d8                end = ABSOLUTE (.)
                0x00000000200053d8                __alt_stack_base = ABSOLUTE (.)
                [!provide]                        PROVIDE (_alt_partition_onchip_memory2_1_load_addr, LOADADDR (.onchip_memory2_1))

.stab
 *(.stab)

.stabstr
 *(.stabstr)

.stab.excl
 *(.stab.excl)

.stab.exclstr
 *(.stab.exclstr)

.stab.index
 *(.stab.index)

.stab.indexstr
 *(.stab.indexstr)

.comment        0x0000000000000000       0x23
 *(.comment)
 .comment       0x0000000000000000       0x23 obj/default/main.o
                                         0x24 (size before relaxing)
 .comment       0x0000000000000023       0x24 ../initializer_bsp/\libhal_bsp.a(alt_load.o)
 .comment       0x0000000000000023       0x24 ../initializer_bsp/\libhal_bsp.a(alt_main.o)
 .comment       0x0000000000000023       0x24 ../initializer_bsp/\libhal_bsp.a(alt_sys_init.o)
 .comment       0x0000000000000023       0x24 ../initializer_bsp/\libhal_bsp.a(altera_avalon_jtag_uart_fd.o)
 .comment       0x0000000000000023       0x24 ../initializer_bsp/\libhal_bsp.a(altera_avalon_jtag_uart_init.o)
 .comment       0x0000000000000023       0x24 ../initializer_bsp/\libhal_bsp.a(altera_avalon_jtag_uart_ioctl.o)
 .comment       0x0000000000000023       0x24 ../initializer_bsp/\libhal_bsp.a(altera_avalon_jtag_uart_read.o)
 .comment       0x0000000000000023       0x24 ../initializer_bsp/\libhal_bsp.a(altera_avalon_jtag_uart_write.o)
 .comment       0x0000000000000023       0x24 ../initializer_bsp/\libhal_bsp.a(altera_avalon_timer_sc.o)
 .comment       0x0000000000000023       0x24 ../initializer_bsp/\libhal_bsp.a(alt_alarm_start.o)
 .comment       0x0000000000000023       0x24 ../initializer_bsp/\libhal_bsp.a(alt_close.o)
 .comment       0x0000000000000023       0x24 ../initializer_bsp/\libhal_bsp.a(alt_dcache_flush_all.o)
 .comment       0x0000000000000023       0x24 ../initializer_bsp/\libhal_bsp.a(alt_dev.o)
 .comment       0x0000000000000023       0x24 ../initializer_bsp/\libhal_bsp.a(alt_dev_llist_insert.o)
 .comment       0x0000000000000023       0x24 ../initializer_bsp/\libhal_bsp.a(alt_do_ctors.o)
 .comment       0x0000000000000023       0x24 ../initializer_bsp/\libhal_bsp.a(alt_do_dtors.o)
 .comment       0x0000000000000023       0x24 ../initializer_bsp/\libhal_bsp.a(alt_errno.o)
 .comment       0x0000000000000023       0x24 ../initializer_bsp/\libhal_bsp.a(alt_icache_flush_all.o)
 .comment       0x0000000000000023       0x24 ../initializer_bsp/\libhal_bsp.a(alt_iic.o)
 .comment       0x0000000000000023       0x24 ../initializer_bsp/\libhal_bsp.a(alt_iic_isr_register.o)
 .comment       0x0000000000000023       0x24 ../initializer_bsp/\libhal_bsp.a(alt_io_redirect.o)
 .comment       0x0000000000000023       0x24 ../initializer_bsp/\libhal_bsp.a(alt_irq_handler.o)
 .comment       0x0000000000000023       0x24 ../initializer_bsp/\libhal_bsp.a(alt_irq_vars.o)
 .comment       0x0000000000000023       0x24 ../initializer_bsp/\libhal_bsp.a(alt_open.o)
 .comment       0x0000000000000023       0x24 ../initializer_bsp/\libhal_bsp.a(alt_release_fd.o)
 .comment       0x0000000000000023       0x24 ../initializer_bsp/\libhal_bsp.a(alt_tick.o)
 .comment       0x0000000000000023       0x24 ../initializer_bsp/\libhal_bsp.a(altera_nios2_gen2_irq.o)
 .comment       0x0000000000000023       0x24 ../initializer_bsp/\libhal_bsp.a(alt_find_dev.o)
 .comment       0x0000000000000023       0x24 ../initializer_bsp/\libhal_bsp.a(alt_find_file.o)
 .comment       0x0000000000000023       0x24 ../initializer_bsp/\libhal_bsp.a(alt_get_fd.o)
 .comment       0x0000000000000023       0x24 ../initializer_bsp/\libhal_bsp.a(alt_instruction_exception_entry.o)
 .comment       0x0000000000000023       0x24 f:/intelfpga_lite/18.1/nios2eds/bin/gnu/h-x86_64-mingw32/bin/../lib/gcc/nios2-elf/5.3.0/../../../../../H-x86_64-mingw32/nios2-elf/lib/mno-hw-mul\libc.a(lib_a-atexit.o)
 .comment       0x0000000000000023       0x24 f:/intelfpga_lite/18.1/nios2eds/bin/gnu/h-x86_64-mingw32/bin/../lib/gcc/nios2-elf/5.3.0/../../../../../H-x86_64-mingw32/nios2-elf/lib/mno-hw-mul\libc.a(lib_a-exit.o)
 .comment       0x0000000000000023       0x24 f:/intelfpga_lite/18.1/nios2eds/bin/gnu/h-x86_64-mingw32/bin/../lib/gcc/nios2-elf/5.3.0/../../../../../H-x86_64-mingw32/nios2-elf/lib/mno-hw-mul\libc.a(lib_a-impure.o)
 .comment       0x0000000000000023       0x24 f:/intelfpga_lite/18.1/nios2eds/bin/gnu/h-x86_64-mingw32/bin/../lib/gcc/nios2-elf/5.3.0/../../../../../H-x86_64-mingw32/nios2-elf/lib/mno-hw-mul\libc.a(lib_a-int_errno.o)
 .comment       0x0000000000000023       0x24 f:/intelfpga_lite/18.1/nios2eds/bin/gnu/h-x86_64-mingw32/bin/../lib/gcc/nios2-elf/5.3.0/../../../../../H-x86_64-mingw32/nios2-elf/lib/mno-hw-mul\libc.a(lib_a-memcmp.o)
 .comment       0x0000000000000023       0x24 f:/intelfpga_lite/18.1/nios2eds/bin/gnu/h-x86_64-mingw32/bin/../lib/gcc/nios2-elf/5.3.0/../../../../../H-x86_64-mingw32/nios2-elf/lib/mno-hw-mul\libc.a(lib_a-memcpy.o)
 .comment       0x0000000000000023       0x24 f:/intelfpga_lite/18.1/nios2eds/bin/gnu/h-x86_64-mingw32/bin/../lib/gcc/nios2-elf/5.3.0/../../../../../H-x86_64-mingw32/nios2-elf/lib/mno-hw-mul\libc.a(lib_a-strlen.o)
 .comment       0x0000000000000023       0x24 f:/intelfpga_lite/18.1/nios2eds/bin/gnu/h-x86_64-mingw32/bin/../lib/gcc/nios2-elf/5.3.0/../../../../../H-x86_64-mingw32/nios2-elf/lib/mno-hw-mul\libc.a(lib_a-__atexit.o)
 .comment       0x0000000000000023       0x24 f:/intelfpga_lite/18.1/nios2eds/bin/gnu/h-x86_64-mingw32/bin/../lib/gcc/nios2-elf/5.3.0/../../../../../H-x86_64-mingw32/nios2-elf/lib/mno-hw-mul\libc.a(lib_a-__call_atexit.o)
 .comment       0x0000000000000023       0x24 f:/intelfpga_lite/18.1/nios2eds/bin/gnu/h-x86_64-mingw32/bin/../lib/gcc/nios2-elf/5.3.0/mno-hw-mul\libgcc.a(lib2-mul.o)
 .comment       0x0000000000000023       0x24 ../initializer_bsp/\libhal_bsp.a(alt_exit.o)

.debug
 *(.debug)

.line
 *(.line)

.debug_srcinfo
 *(.debug_srcinfo)

.debug_sfnames
 *(.debug_sfnames)

.debug_aranges  0x0000000000000000      0x5d8
 *(.debug_aranges)
 .debug_aranges
                0x0000000000000000       0x28 ../initializer_bsp//obj/HAL/src/crt0.o
 .debug_aranges
                0x0000000000000028       0x20 obj/default/main.o
 .debug_aranges
                0x0000000000000048       0x20 ../initializer_bsp/\libhal_bsp.a(alt_load.o)
 .debug_aranges
                0x0000000000000068       0x20 ../initializer_bsp/\libhal_bsp.a(alt_main.o)
 .debug_aranges
                0x0000000000000088       0x20 ../initializer_bsp/\libhal_bsp.a(alt_sys_init.o)
 .debug_aranges
                0x00000000000000a8       0x20 ../initializer_bsp/\libhal_bsp.a(altera_avalon_jtag_uart_fd.o)
 .debug_aranges
                0x00000000000000c8       0x20 ../initializer_bsp/\libhal_bsp.a(altera_avalon_jtag_uart_init.o)
 .debug_aranges
                0x00000000000000e8       0x20 ../initializer_bsp/\libhal_bsp.a(altera_avalon_jtag_uart_ioctl.o)
 .debug_aranges
                0x0000000000000108       0x20 ../initializer_bsp/\libhal_bsp.a(altera_avalon_jtag_uart_read.o)
 .debug_aranges
                0x0000000000000128       0x20 ../initializer_bsp/\libhal_bsp.a(altera_avalon_jtag_uart_write.o)
 .debug_aranges
                0x0000000000000148       0x20 ../initializer_bsp/\libhal_bsp.a(altera_avalon_timer_sc.o)
 .debug_aranges
                0x0000000000000168       0x20 ../initializer_bsp/\libhal_bsp.a(alt_alarm_start.o)
 .debug_aranges
                0x0000000000000188       0x20 ../initializer_bsp/\libhal_bsp.a(alt_close.o)
 .debug_aranges
                0x00000000000001a8       0x20 ../initializer_bsp/\libhal_bsp.a(alt_dcache_flush_all.o)
 .debug_aranges
                0x00000000000001c8       0x20 ../initializer_bsp/\libhal_bsp.a(alt_dev.o)
 .debug_aranges
                0x00000000000001e8       0x20 ../initializer_bsp/\libhal_bsp.a(alt_dev_llist_insert.o)
 .debug_aranges
                0x0000000000000208       0x20 ../initializer_bsp/\libhal_bsp.a(alt_do_ctors.o)
 .debug_aranges
                0x0000000000000228       0x20 ../initializer_bsp/\libhal_bsp.a(alt_do_dtors.o)
 .debug_aranges
                0x0000000000000248       0x18 ../initializer_bsp/\libhal_bsp.a(alt_errno.o)
 .debug_aranges
                0x0000000000000260       0x20 ../initializer_bsp/\libhal_bsp.a(alt_icache_flush_all.o)
 .debug_aranges
                0x0000000000000280       0x20 ../initializer_bsp/\libhal_bsp.a(alt_iic.o)
 .debug_aranges
                0x00000000000002a0       0x20 ../initializer_bsp/\libhal_bsp.a(alt_iic_isr_register.o)
 .debug_aranges
                0x00000000000002c0       0x20 ../initializer_bsp/\libhal_bsp.a(alt_io_redirect.o)
 .debug_aranges
                0x00000000000002e0       0x30 ../initializer_bsp/\libhal_bsp.a(alt_irq_entry.o)
 .debug_aranges
                0x0000000000000310       0x20 ../initializer_bsp/\libhal_bsp.a(alt_irq_handler.o)
 .debug_aranges
                0x0000000000000330       0x18 ../initializer_bsp/\libhal_bsp.a(alt_irq_vars.o)
 .debug_aranges
                0x0000000000000348       0x20 ../initializer_bsp/\libhal_bsp.a(alt_open.o)
 .debug_aranges
                0x0000000000000368       0x20 ../initializer_bsp/\libhal_bsp.a(alt_release_fd.o)
 .debug_aranges
                0x0000000000000388       0x20 ../initializer_bsp/\libhal_bsp.a(alt_tick.o)
 .debug_aranges
                0x00000000000003a8       0x20 ../initializer_bsp/\libhal_bsp.a(altera_nios2_gen2_irq.o)
 .debug_aranges
                0x00000000000003c8       0x38 ../initializer_bsp/\libhal_bsp.a(alt_exception_entry.o)
 .debug_aranges
                0x0000000000000400       0x20 ../initializer_bsp/\libhal_bsp.a(alt_find_dev.o)
 .debug_aranges
                0x0000000000000420       0x20 ../initializer_bsp/\libhal_bsp.a(alt_find_file.o)
 .debug_aranges
                0x0000000000000440       0x20 ../initializer_bsp/\libhal_bsp.a(alt_get_fd.o)
 .debug_aranges
                0x0000000000000460       0x28 ../initializer_bsp/\libhal_bsp.a(alt_instruction_exception_entry.o)
 .debug_aranges
                0x0000000000000488       0x20 f:/intelfpga_lite/18.1/nios2eds/bin/gnu/h-x86_64-mingw32/bin/../lib/gcc/nios2-elf/5.3.0/../../../../../H-x86_64-mingw32/nios2-elf/lib/mno-hw-mul\libc.a(lib_a-atexit.o)
 .debug_aranges
                0x00000000000004a8       0x20 f:/intelfpga_lite/18.1/nios2eds/bin/gnu/h-x86_64-mingw32/bin/../lib/gcc/nios2-elf/5.3.0/../../../../../H-x86_64-mingw32/nios2-elf/lib/mno-hw-mul\libc.a(lib_a-exit.o)
 .debug_aranges
                0x00000000000004c8       0x18 f:/intelfpga_lite/18.1/nios2eds/bin/gnu/h-x86_64-mingw32/bin/../lib/gcc/nios2-elf/5.3.0/../../../../../H-x86_64-mingw32/nios2-elf/lib/mno-hw-mul\libc.a(lib_a-impure.o)
 .debug_aranges
                0x00000000000004e0       0x18 f:/intelfpga_lite/18.1/nios2eds/bin/gnu/h-x86_64-mingw32/bin/../lib/gcc/nios2-elf/5.3.0/../../../../../H-x86_64-mingw32/nios2-elf/lib/mno-hw-mul\libc.a(lib_a-int_errno.o)
 .debug_aranges
                0x00000000000004f8       0x20 f:/intelfpga_lite/18.1/nios2eds/bin/gnu/h-x86_64-mingw32/bin/../lib/gcc/nios2-elf/5.3.0/../../../../../H-x86_64-mingw32/nios2-elf/lib/mno-hw-mul\libc.a(lib_a-memcmp.o)
 .debug_aranges
                0x0000000000000518       0x20 f:/intelfpga_lite/18.1/nios2eds/bin/gnu/h-x86_64-mingw32/bin/../lib/gcc/nios2-elf/5.3.0/../../../../../H-x86_64-mingw32/nios2-elf/lib/mno-hw-mul\libc.a(lib_a-memcpy.o)
 .debug_aranges
                0x0000000000000538       0x20 f:/intelfpga_lite/18.1/nios2eds/bin/gnu/h-x86_64-mingw32/bin/../lib/gcc/nios2-elf/5.3.0/../../../../../H-x86_64-mingw32/nios2-elf/lib/mno-hw-mul\libc.a(lib_a-strlen.o)
 .debug_aranges
                0x0000000000000558       0x20 f:/intelfpga_lite/18.1/nios2eds/bin/gnu/h-x86_64-mingw32/bin/../lib/gcc/nios2-elf/5.3.0/../../../../../H-x86_64-mingw32/nios2-elf/lib/mno-hw-mul\libc.a(lib_a-__atexit.o)
 .debug_aranges
                0x0000000000000578       0x20 f:/intelfpga_lite/18.1/nios2eds/bin/gnu/h-x86_64-mingw32/bin/../lib/gcc/nios2-elf/5.3.0/../../../../../H-x86_64-mingw32/nios2-elf/lib/mno-hw-mul\libc.a(lib_a-__call_atexit.o)
 .debug_aranges
                0x0000000000000598       0x20 f:/intelfpga_lite/18.1/nios2eds/bin/gnu/h-x86_64-mingw32/bin/../lib/gcc/nios2-elf/5.3.0/mno-hw-mul\libgcc.a(lib2-mul.o)
 .debug_aranges
                0x00000000000005b8       0x20 ../initializer_bsp/\libhal_bsp.a(alt_exit.o)

.debug_pubnames
 *(.debug_pubnames)

.debug_info     0x0000000000000000     0x773a
 *(.debug_info .gnu.linkonce.wi.*)
 .debug_info    0x0000000000000000       0x76 ../initializer_bsp//obj/HAL/src/crt0.o
 .debug_info    0x0000000000000076       0xa1 obj/default/main.o
 .debug_info    0x0000000000000117      0x145 ../initializer_bsp/\libhal_bsp.a(alt_load.o)
 .debug_info    0x000000000000025c      0x131 ../initializer_bsp/\libhal_bsp.a(alt_main.o)
 .debug_info    0x000000000000038d      0x4d9 ../initializer_bsp/\libhal_bsp.a(alt_sys_init.o)
 .debug_info    0x0000000000000866      0x52e ../initializer_bsp/\libhal_bsp.a(altera_avalon_jtag_uart_fd.o)
 .debug_info    0x0000000000000d94      0x3a0 ../initializer_bsp/\libhal_bsp.a(altera_avalon_jtag_uart_init.o)
 .debug_info    0x0000000000001134      0x280 ../initializer_bsp/\libhal_bsp.a(altera_avalon_jtag_uart_ioctl.o)
 .debug_info    0x00000000000013b4      0x345 ../initializer_bsp/\libhal_bsp.a(altera_avalon_jtag_uart_read.o)
 .debug_info    0x00000000000016f9      0x340 ../initializer_bsp/\libhal_bsp.a(altera_avalon_jtag_uart_write.o)
 .debug_info    0x0000000000001a39      0x226 ../initializer_bsp/\libhal_bsp.a(altera_avalon_timer_sc.o)
 .debug_info    0x0000000000001c5f      0x2cc ../initializer_bsp/\libhal_bsp.a(alt_alarm_start.o)
 .debug_info    0x0000000000001f2b      0x321 ../initializer_bsp/\libhal_bsp.a(alt_close.o)
 .debug_info    0x000000000000224c       0x92 ../initializer_bsp/\libhal_bsp.a(alt_dcache_flush_all.o)
 .debug_info    0x00000000000022de      0x49c ../initializer_bsp/\libhal_bsp.a(alt_dev.o)
 .debug_info    0x000000000000277a      0x1a9 ../initializer_bsp/\libhal_bsp.a(alt_dev_llist_insert.o)
 .debug_info    0x0000000000002923       0x83 ../initializer_bsp/\libhal_bsp.a(alt_do_ctors.o)
 .debug_info    0x00000000000029a6       0x83 ../initializer_bsp/\libhal_bsp.a(alt_do_dtors.o)
 .debug_info    0x0000000000002a29       0xa6 ../initializer_bsp/\libhal_bsp.a(alt_errno.o)
 .debug_info    0x0000000000002acf       0x92 ../initializer_bsp/\libhal_bsp.a(alt_icache_flush_all.o)
 .debug_info    0x0000000000002b61      0x350 ../initializer_bsp/\libhal_bsp.a(alt_iic.o)
 .debug_info    0x0000000000002eb1      0x1ef ../initializer_bsp/\libhal_bsp.a(alt_iic_isr_register.o)
 .debug_info    0x00000000000030a0      0x4a5 ../initializer_bsp/\libhal_bsp.a(alt_io_redirect.o)
 .debug_info    0x0000000000003545       0x7f ../initializer_bsp/\libhal_bsp.a(alt_irq_entry.o)
 .debug_info    0x00000000000035c4      0x187 ../initializer_bsp/\libhal_bsp.a(alt_irq_handler.o)
 .debug_info    0x000000000000374b       0x88 ../initializer_bsp/\libhal_bsp.a(alt_irq_vars.o)
 .debug_info    0x00000000000037d3      0x3bb ../initializer_bsp/\libhal_bsp.a(alt_open.o)
 .debug_info    0x0000000000003b8e      0x2b0 ../initializer_bsp/\libhal_bsp.a(alt_release_fd.o)
 .debug_info    0x0000000000003e3e      0x299 ../initializer_bsp/\libhal_bsp.a(alt_tick.o)
 .debug_info    0x00000000000040d7       0x92 ../initializer_bsp/\libhal_bsp.a(altera_nios2_gen2_irq.o)
 .debug_info    0x0000000000004169       0x85 ../initializer_bsp/\libhal_bsp.a(alt_exception_entry.o)
 .debug_info    0x00000000000041ee      0x2e9 ../initializer_bsp/\libhal_bsp.a(alt_find_dev.o)
 .debug_info    0x00000000000044d7      0x2e6 ../initializer_bsp/\libhal_bsp.a(alt_find_file.o)
 .debug_info    0x00000000000047bd      0x310 ../initializer_bsp/\libhal_bsp.a(alt_get_fd.o)
 .debug_info    0x0000000000004acd      0x1e7 ../initializer_bsp/\libhal_bsp.a(alt_instruction_exception_entry.o)
 .debug_info    0x0000000000004cb4       0xfe f:/intelfpga_lite/18.1/nios2eds/bin/gnu/h-x86_64-mingw32/bin/../lib/gcc/nios2-elf/5.3.0/../../../../../H-x86_64-mingw32/nios2-elf/lib/mno-hw-mul\libc.a(lib_a-atexit.o)
 .debug_info    0x0000000000004db2      0x8e4 f:/intelfpga_lite/18.1/nios2eds/bin/gnu/h-x86_64-mingw32/bin/../lib/gcc/nios2-elf/5.3.0/../../../../../H-x86_64-mingw32/nios2-elf/lib/mno-hw-mul\libc.a(lib_a-exit.o)
 .debug_info    0x0000000000005696      0x8a1 f:/intelfpga_lite/18.1/nios2eds/bin/gnu/h-x86_64-mingw32/bin/../lib/gcc/nios2-elf/5.3.0/../../../../../H-x86_64-mingw32/nios2-elf/lib/mno-hw-mul\libc.a(lib_a-impure.o)
 .debug_info    0x0000000000005f37       0x8a f:/intelfpga_lite/18.1/nios2eds/bin/gnu/h-x86_64-mingw32/bin/../lib/gcc/nios2-elf/5.3.0/../../../../../H-x86_64-mingw32/nios2-elf/lib/mno-hw-mul\libc.a(lib_a-int_errno.o)
 .debug_info    0x0000000000005fc1      0x11a f:/intelfpga_lite/18.1/nios2eds/bin/gnu/h-x86_64-mingw32/bin/../lib/gcc/nios2-elf/5.3.0/../../../../../H-x86_64-mingw32/nios2-elf/lib/mno-hw-mul\libc.a(lib_a-memcmp.o)
 .debug_info    0x00000000000060db      0x144 f:/intelfpga_lite/18.1/nios2eds/bin/gnu/h-x86_64-mingw32/bin/../lib/gcc/nios2-elf/5.3.0/../../../../../H-x86_64-mingw32/nios2-elf/lib/mno-hw-mul\libc.a(lib_a-memcpy.o)
 .debug_info    0x000000000000621f       0xe2 f:/intelfpga_lite/18.1/nios2eds/bin/gnu/h-x86_64-mingw32/bin/../lib/gcc/nios2-elf/5.3.0/../../../../../H-x86_64-mingw32/nios2-elf/lib/mno-hw-mul\libc.a(lib_a-strlen.o)
 .debug_info    0x0000000000006301      0x934 f:/intelfpga_lite/18.1/nios2eds/bin/gnu/h-x86_64-mingw32/bin/../lib/gcc/nios2-elf/5.3.0/../../../../../H-x86_64-mingw32/nios2-elf/lib/mno-hw-mul\libc.a(lib_a-__atexit.o)
 .debug_info    0x0000000000006c35      0x965 f:/intelfpga_lite/18.1/nios2eds/bin/gnu/h-x86_64-mingw32/bin/../lib/gcc/nios2-elf/5.3.0/../../../../../H-x86_64-mingw32/nios2-elf/lib/mno-hw-mul\libc.a(lib_a-__call_atexit.o)
 .debug_info    0x000000000000759a       0xb4 f:/intelfpga_lite/18.1/nios2eds/bin/gnu/h-x86_64-mingw32/bin/../lib/gcc/nios2-elf/5.3.0/mno-hw-mul\libgcc.a(lib2-mul.o)
 .debug_info    0x000000000000764e       0xec ../initializer_bsp/\libhal_bsp.a(alt_exit.o)

.debug_abbrev   0x0000000000000000     0x2a58
 *(.debug_abbrev)
 .debug_abbrev  0x0000000000000000       0x12 ../initializer_bsp//obj/HAL/src/crt0.o
 .debug_abbrev  0x0000000000000012       0x4f obj/default/main.o
 .debug_abbrev  0x0000000000000061       0x9f ../initializer_bsp/\libhal_bsp.a(alt_load.o)
 .debug_abbrev  0x0000000000000100       0xba ../initializer_bsp/\libhal_bsp.a(alt_main.o)
 .debug_abbrev  0x00000000000001ba      0x187 ../initializer_bsp/\libhal_bsp.a(alt_sys_init.o)
 .debug_abbrev  0x0000000000000341      0x127 ../initializer_bsp/\libhal_bsp.a(altera_avalon_jtag_uart_fd.o)
 .debug_abbrev  0x0000000000000468      0x19e ../initializer_bsp/\libhal_bsp.a(altera_avalon_jtag_uart_init.o)
 .debug_abbrev  0x0000000000000606      0x111 ../initializer_bsp/\libhal_bsp.a(altera_avalon_jtag_uart_ioctl.o)
 .debug_abbrev  0x0000000000000717      0x1aa ../initializer_bsp/\libhal_bsp.a(altera_avalon_jtag_uart_read.o)
 .debug_abbrev  0x00000000000008c1      0x1a8 ../initializer_bsp/\libhal_bsp.a(altera_avalon_jtag_uart_write.o)
 .debug_abbrev  0x0000000000000a69      0x155 ../initializer_bsp/\libhal_bsp.a(altera_avalon_timer_sc.o)
 .debug_abbrev  0x0000000000000bbe      0x162 ../initializer_bsp/\libhal_bsp.a(alt_alarm_start.o)
 .debug_abbrev  0x0000000000000d20      0x11f ../initializer_bsp/\libhal_bsp.a(alt_close.o)
 .debug_abbrev  0x0000000000000e3f       0x42 ../initializer_bsp/\libhal_bsp.a(alt_dcache_flush_all.o)
 .debug_abbrev  0x0000000000000e81       0xd9 ../initializer_bsp/\libhal_bsp.a(alt_dev.o)
 .debug_abbrev  0x0000000000000f5a      0x114 ../initializer_bsp/\libhal_bsp.a(alt_dev_llist_insert.o)
 .debug_abbrev  0x000000000000106e       0x79 ../initializer_bsp/\libhal_bsp.a(alt_do_ctors.o)
 .debug_abbrev  0x00000000000010e7       0x79 ../initializer_bsp/\libhal_bsp.a(alt_do_dtors.o)
 .debug_abbrev  0x0000000000001160       0x5a ../initializer_bsp/\libhal_bsp.a(alt_errno.o)
 .debug_abbrev  0x00000000000011ba       0x42 ../initializer_bsp/\libhal_bsp.a(alt_icache_flush_all.o)
 .debug_abbrev  0x00000000000011fc      0x163 ../initializer_bsp/\libhal_bsp.a(alt_iic.o)
 .debug_abbrev  0x000000000000135f      0x169 ../initializer_bsp/\libhal_bsp.a(alt_iic_isr_register.o)
 .debug_abbrev  0x00000000000014c8      0x114 ../initializer_bsp/\libhal_bsp.a(alt_io_redirect.o)
 .debug_abbrev  0x00000000000015dc       0x12 ../initializer_bsp/\libhal_bsp.a(alt_irq_entry.o)
 .debug_abbrev  0x00000000000015ee      0x122 ../initializer_bsp/\libhal_bsp.a(alt_irq_handler.o)
 .debug_abbrev  0x0000000000001710       0x40 ../initializer_bsp/\libhal_bsp.a(alt_irq_vars.o)
 .debug_abbrev  0x0000000000001750      0x148 ../initializer_bsp/\libhal_bsp.a(alt_open.o)
 .debug_abbrev  0x0000000000001898       0xde ../initializer_bsp/\libhal_bsp.a(alt_release_fd.o)
 .debug_abbrev  0x0000000000001976      0x15a ../initializer_bsp/\libhal_bsp.a(alt_tick.o)
 .debug_abbrev  0x0000000000001ad0       0x42 ../initializer_bsp/\libhal_bsp.a(altera_nios2_gen2_irq.o)
 .debug_abbrev  0x0000000000001b12       0x12 ../initializer_bsp/\libhal_bsp.a(alt_exception_entry.o)
 .debug_abbrev  0x0000000000001b24       0xf0 ../initializer_bsp/\libhal_bsp.a(alt_find_dev.o)
 .debug_abbrev  0x0000000000001c14       0xf0 ../initializer_bsp/\libhal_bsp.a(alt_find_file.o)
 .debug_abbrev  0x0000000000001d04      0x10d ../initializer_bsp/\libhal_bsp.a(alt_get_fd.o)
 .debug_abbrev  0x0000000000001e11       0xdc ../initializer_bsp/\libhal_bsp.a(alt_instruction_exception_entry.o)
 .debug_abbrev  0x0000000000001eed       0xaa f:/intelfpga_lite/18.1/nios2eds/bin/gnu/h-x86_64-mingw32/bin/../lib/gcc/nios2-elf/5.3.0/../../../../../H-x86_64-mingw32/nios2-elf/lib/mno-hw-mul\libc.a(lib_a-atexit.o)
 .debug_abbrev  0x0000000000001f97      0x1e5 f:/intelfpga_lite/18.1/nios2eds/bin/gnu/h-x86_64-mingw32/bin/../lib/gcc/nios2-elf/5.3.0/../../../../../H-x86_64-mingw32/nios2-elf/lib/mno-hw-mul\libc.a(lib_a-exit.o)
 .debug_abbrev  0x000000000000217c      0x18f f:/intelfpga_lite/18.1/nios2eds/bin/gnu/h-x86_64-mingw32/bin/../lib/gcc/nios2-elf/5.3.0/../../../../../H-x86_64-mingw32/nios2-elf/lib/mno-hw-mul\libc.a(lib_a-impure.o)
 .debug_abbrev  0x000000000000230b       0x37 f:/intelfpga_lite/18.1/nios2eds/bin/gnu/h-x86_64-mingw32/bin/../lib/gcc/nios2-elf/5.3.0/../../../../../H-x86_64-mingw32/nios2-elf/lib/mno-hw-mul\libc.a(lib_a-int_errno.o)
 .debug_abbrev  0x0000000000002342       0x7f f:/intelfpga_lite/18.1/nios2eds/bin/gnu/h-x86_64-mingw32/bin/../lib/gcc/nios2-elf/5.3.0/../../../../../H-x86_64-mingw32/nios2-elf/lib/mno-hw-mul\libc.a(lib_a-memcmp.o)
 .debug_abbrev  0x00000000000023c1       0xa3 f:/intelfpga_lite/18.1/nios2eds/bin/gnu/h-x86_64-mingw32/bin/../lib/gcc/nios2-elf/5.3.0/../../../../../H-x86_64-mingw32/nios2-elf/lib/mno-hw-mul\libc.a(lib_a-memcpy.o)
 .debug_abbrev  0x0000000000002464       0x90 f:/intelfpga_lite/18.1/nios2eds/bin/gnu/h-x86_64-mingw32/bin/../lib/gcc/nios2-elf/5.3.0/../../../../../H-x86_64-mingw32/nios2-elf/lib/mno-hw-mul\libc.a(lib_a-strlen.o)
 .debug_abbrev  0x00000000000024f4      0x21e f:/intelfpga_lite/18.1/nios2eds/bin/gnu/h-x86_64-mingw32/bin/../lib/gcc/nios2-elf/5.3.0/../../../../../H-x86_64-mingw32/nios2-elf/lib/mno-hw-mul\libc.a(lib_a-__atexit.o)
 .debug_abbrev  0x0000000000002712      0x22e f:/intelfpga_lite/18.1/nios2eds/bin/gnu/h-x86_64-mingw32/bin/../lib/gcc/nios2-elf/5.3.0/../../../../../H-x86_64-mingw32/nios2-elf/lib/mno-hw-mul\libc.a(lib_a-__call_atexit.o)
 .debug_abbrev  0x0000000000002940       0x6f f:/intelfpga_lite/18.1/nios2eds/bin/gnu/h-x86_64-mingw32/bin/../lib/gcc/nios2-elf/5.3.0/mno-hw-mul\libgcc.a(lib2-mul.o)
 .debug_abbrev  0x00000000000029af       0xa9 ../initializer_bsp/\libhal_bsp.a(alt_exit.o)

.debug_line     0x0000000000000000     0x2a78
 *(.debug_line)
 .debug_line    0x0000000000000000       0x66 ../initializer_bsp//obj/HAL/src/crt0.o
 .debug_line    0x0000000000000066       0x4b obj/default/main.o
 .debug_line    0x00000000000000b1       0x8e ../initializer_bsp/\libhal_bsp.a(alt_load.o)
 .debug_line    0x000000000000013f       0xa4 ../initializer_bsp/\libhal_bsp.a(alt_main.o)
 .debug_line    0x00000000000001e3      0x153 ../initializer_bsp/\libhal_bsp.a(alt_sys_init.o)
 .debug_line    0x0000000000000336      0x12f ../initializer_bsp/\libhal_bsp.a(altera_avalon_jtag_uart_fd.o)
 .debug_line    0x0000000000000465      0x18b ../initializer_bsp/\libhal_bsp.a(altera_avalon_jtag_uart_init.o)
 .debug_line    0x00000000000005f0      0x131 ../initializer_bsp/\libhal_bsp.a(altera_avalon_jtag_uart_ioctl.o)
 .debug_line    0x0000000000000721      0x171 ../initializer_bsp/\libhal_bsp.a(altera_avalon_jtag_uart_read.o)
 .debug_line    0x0000000000000892      0x170 ../initializer_bsp/\libhal_bsp.a(altera_avalon_jtag_uart_write.o)
 .debug_line    0x0000000000000a02       0xfd ../initializer_bsp/\libhal_bsp.a(altera_avalon_timer_sc.o)
 .debug_line    0x0000000000000aff       0xf9 ../initializer_bsp/\libhal_bsp.a(alt_alarm_start.o)
 .debug_line    0x0000000000000bf8      0x165 ../initializer_bsp/\libhal_bsp.a(alt_close.o)
 .debug_line    0x0000000000000d5d       0x51 ../initializer_bsp/\libhal_bsp.a(alt_dcache_flush_all.o)
 .debug_line    0x0000000000000dae       0xf8 ../initializer_bsp/\libhal_bsp.a(alt_dev.o)
 .debug_line    0x0000000000000ea6       0xcf ../initializer_bsp/\libhal_bsp.a(alt_dev_llist_insert.o)
 .debug_line    0x0000000000000f75       0x59 ../initializer_bsp/\libhal_bsp.a(alt_do_ctors.o)
 .debug_line    0x0000000000000fce       0x59 ../initializer_bsp/\libhal_bsp.a(alt_do_dtors.o)
 .debug_line    0x0000000000001027       0x51 ../initializer_bsp/\libhal_bsp.a(alt_errno.o)
 .debug_line    0x0000000000001078       0x4f ../initializer_bsp/\libhal_bsp.a(alt_icache_flush_all.o)
 .debug_line    0x00000000000010c7       0xeb ../initializer_bsp/\libhal_bsp.a(alt_iic.o)
 .debug_line    0x00000000000011b2       0xdb ../initializer_bsp/\libhal_bsp.a(alt_iic_isr_register.o)
 .debug_line    0x000000000000128d      0x135 ../initializer_bsp/\libhal_bsp.a(alt_io_redirect.o)
 .debug_line    0x00000000000013c2       0x6b ../initializer_bsp/\libhal_bsp.a(alt_irq_entry.o)
 .debug_line    0x000000000000142d       0xaa ../initializer_bsp/\libhal_bsp.a(alt_irq_handler.o)
 .debug_line    0x00000000000014d7       0x50 ../initializer_bsp/\libhal_bsp.a(alt_irq_vars.o)
 .debug_line    0x0000000000001527      0x12b ../initializer_bsp/\libhal_bsp.a(alt_open.o)
 .debug_line    0x0000000000001652       0xb0 ../initializer_bsp/\libhal_bsp.a(alt_release_fd.o)
 .debug_line    0x0000000000001702       0xff ../initializer_bsp/\libhal_bsp.a(alt_tick.o)
 .debug_line    0x0000000000001801       0x51 ../initializer_bsp/\libhal_bsp.a(altera_nios2_gen2_irq.o)
 .debug_line    0x0000000000001852       0xb3 ../initializer_bsp/\libhal_bsp.a(alt_exception_entry.o)
 .debug_line    0x0000000000001905       0xb5 ../initializer_bsp/\libhal_bsp.a(alt_find_dev.o)
 .debug_line    0x00000000000019ba       0xd1 ../initializer_bsp/\libhal_bsp.a(alt_find_file.o)
 .debug_line    0x0000000000001a8b       0xd7 ../initializer_bsp/\libhal_bsp.a(alt_get_fd.o)
 .debug_line    0x0000000000001b62       0xb9 ../initializer_bsp/\libhal_bsp.a(alt_instruction_exception_entry.o)
 .debug_line    0x0000000000001c1b       0xe7 f:/intelfpga_lite/18.1/nios2eds/bin/gnu/h-x86_64-mingw32/bin/../lib/gcc/nios2-elf/5.3.0/../../../../../H-x86_64-mingw32/nios2-elf/lib/mno-hw-mul\libc.a(lib_a-atexit.o)
 .debug_line    0x0000000000001d02      0x1fc f:/intelfpga_lite/18.1/nios2eds/bin/gnu/h-x86_64-mingw32/bin/../lib/gcc/nios2-elf/5.3.0/../../../../../H-x86_64-mingw32/nios2-elf/lib/mno-hw-mul\libc.a(lib_a-exit.o)
 .debug_line    0x0000000000001efe      0x160 f:/intelfpga_lite/18.1/nios2eds/bin/gnu/h-x86_64-mingw32/bin/../lib/gcc/nios2-elf/5.3.0/../../../../../H-x86_64-mingw32/nios2-elf/lib/mno-hw-mul\libc.a(lib_a-impure.o)
 .debug_line    0x000000000000205e       0x5f f:/intelfpga_lite/18.1/nios2eds/bin/gnu/h-x86_64-mingw32/bin/../lib/gcc/nios2-elf/5.3.0/../../../../../H-x86_64-mingw32/nios2-elf/lib/mno-hw-mul\libc.a(lib_a-int_errno.o)
 .debug_line    0x00000000000020bd      0x176 f:/intelfpga_lite/18.1/nios2eds/bin/gnu/h-x86_64-mingw32/bin/../lib/gcc/nios2-elf/5.3.0/../../../../../H-x86_64-mingw32/nios2-elf/lib/mno-hw-mul\libc.a(lib_a-memcmp.o)
 .debug_line    0x0000000000002233      0x18c f:/intelfpga_lite/18.1/nios2eds/bin/gnu/h-x86_64-mingw32/bin/../lib/gcc/nios2-elf/5.3.0/../../../../../H-x86_64-mingw32/nios2-elf/lib/mno-hw-mul\libc.a(lib_a-memcpy.o)
 .debug_line    0x00000000000023bf      0x16f f:/intelfpga_lite/18.1/nios2eds/bin/gnu/h-x86_64-mingw32/bin/../lib/gcc/nios2-elf/5.3.0/../../../../../H-x86_64-mingw32/nios2-elf/lib/mno-hw-mul\libc.a(lib_a-strlen.o)
 .debug_line    0x000000000000252e      0x21f f:/intelfpga_lite/18.1/nios2eds/bin/gnu/h-x86_64-mingw32/bin/../lib/gcc/nios2-elf/5.3.0/../../../../../H-x86_64-mingw32/nios2-elf/lib/mno-hw-mul\libc.a(lib_a-__atexit.o)
 .debug_line    0x000000000000274d      0x23a f:/intelfpga_lite/18.1/nios2eds/bin/gnu/h-x86_64-mingw32/bin/../lib/gcc/nios2-elf/5.3.0/../../../../../H-x86_64-mingw32/nios2-elf/lib/mno-hw-mul\libc.a(lib_a-__call_atexit.o)
 .debug_line    0x0000000000002987       0x80 f:/intelfpga_lite/18.1/nios2eds/bin/gnu/h-x86_64-mingw32/bin/../lib/gcc/nios2-elf/5.3.0/mno-hw-mul\libgcc.a(lib2-mul.o)
 .debug_line    0x0000000000002a07       0x71 ../initializer_bsp/\libhal_bsp.a(alt_exit.o)

.debug_frame    0x0000000000000000      0xb0c
 *(.debug_frame)
 .debug_frame   0x0000000000000000       0x34 obj/default/main.o
 .debug_frame   0x0000000000000034       0x5c ../initializer_bsp/\libhal_bsp.a(alt_load.o)
 .debug_frame   0x0000000000000090       0x2c ../initializer_bsp/\libhal_bsp.a(alt_main.o)
 .debug_frame   0x00000000000000bc       0x88 ../initializer_bsp/\libhal_bsp.a(alt_sys_init.o)
 .debug_frame   0x0000000000000144       0xb0 ../initializer_bsp/\libhal_bsp.a(altera_avalon_jtag_uart_fd.o)
 .debug_frame   0x00000000000001f4       0xa4 ../initializer_bsp/\libhal_bsp.a(altera_avalon_jtag_uart_init.o)
 .debug_frame   0x0000000000000298       0x34 ../initializer_bsp/\libhal_bsp.a(altera_avalon_jtag_uart_ioctl.o)
 .debug_frame   0x00000000000002cc       0x38 ../initializer_bsp/\libhal_bsp.a(altera_avalon_jtag_uart_read.o)
 .debug_frame   0x0000000000000304       0x38 ../initializer_bsp/\libhal_bsp.a(altera_avalon_jtag_uart_write.o)
 .debug_frame   0x000000000000033c       0x60 ../initializer_bsp/\libhal_bsp.a(altera_avalon_timer_sc.o)
 .debug_frame   0x000000000000039c       0x34 ../initializer_bsp/\libhal_bsp.a(alt_alarm_start.o)
 .debug_frame   0x00000000000003d0       0x60 ../initializer_bsp/\libhal_bsp.a(alt_close.o)
 .debug_frame   0x0000000000000430       0x34 ../initializer_bsp/\libhal_bsp.a(alt_dcache_flush_all.o)
 .debug_frame   0x0000000000000464       0x34 ../initializer_bsp/\libhal_bsp.a(alt_dev.o)
 .debug_frame   0x0000000000000498       0x60 ../initializer_bsp/\libhal_bsp.a(alt_dev_llist_insert.o)
 .debug_frame   0x00000000000004f8       0x38 ../initializer_bsp/\libhal_bsp.a(alt_do_ctors.o)
 .debug_frame   0x0000000000000530       0x38 ../initializer_bsp/\libhal_bsp.a(alt_do_dtors.o)
 .debug_frame   0x0000000000000568       0x34 ../initializer_bsp/\libhal_bsp.a(alt_icache_flush_all.o)
 .debug_frame   0x000000000000059c       0xa4 ../initializer_bsp/\libhal_bsp.a(alt_iic.o)
 .debug_frame   0x0000000000000640       0x38 ../initializer_bsp/\libhal_bsp.a(alt_iic_isr_register.o)
 .debug_frame   0x0000000000000678       0x64 ../initializer_bsp/\libhal_bsp.a(alt_io_redirect.o)
 .debug_frame   0x00000000000006dc       0x38 ../initializer_bsp/\libhal_bsp.a(alt_irq_handler.o)
 .debug_frame   0x0000000000000714       0x8c ../initializer_bsp/\libhal_bsp.a(alt_open.o)
 .debug_frame   0x00000000000007a0       0x3c ../initializer_bsp/\libhal_bsp.a(alt_release_fd.o)
 .debug_frame   0x00000000000007dc       0x5c ../initializer_bsp/\libhal_bsp.a(alt_tick.o)
 .debug_frame   0x0000000000000838       0x34 ../initializer_bsp/\libhal_bsp.a(altera_nios2_gen2_irq.o)
 .debug_frame   0x000000000000086c       0x38 ../initializer_bsp/\libhal_bsp.a(alt_find_dev.o)
 .debug_frame   0x00000000000008a4       0x38 ../initializer_bsp/\libhal_bsp.a(alt_find_file.o)
 .debug_frame   0x00000000000008dc       0x3c ../initializer_bsp/\libhal_bsp.a(alt_get_fd.o)
 .debug_frame   0x0000000000000918       0x5c ../initializer_bsp/\libhal_bsp.a(alt_instruction_exception_entry.o)
 .debug_frame   0x0000000000000974       0x20 f:/intelfpga_lite/18.1/nios2eds/bin/gnu/h-x86_64-mingw32/bin/../lib/gcc/nios2-elf/5.3.0/../../../../../H-x86_64-mingw32/nios2-elf/lib/mno-hw-mul\libc.a(lib_a-atexit.o)
 .debug_frame   0x0000000000000994       0x28 f:/intelfpga_lite/18.1/nios2eds/bin/gnu/h-x86_64-mingw32/bin/../lib/gcc/nios2-elf/5.3.0/../../../../../H-x86_64-mingw32/nios2-elf/lib/mno-hw-mul\libc.a(lib_a-exit.o)
 .debug_frame   0x00000000000009bc       0x20 f:/intelfpga_lite/18.1/nios2eds/bin/gnu/h-x86_64-mingw32/bin/../lib/gcc/nios2-elf/5.3.0/../../../../../H-x86_64-mingw32/nios2-elf/lib/mno-hw-mul\libc.a(lib_a-memcmp.o)
 .debug_frame   0x00000000000009dc       0x38 f:/intelfpga_lite/18.1/nios2eds/bin/gnu/h-x86_64-mingw32/bin/../lib/gcc/nios2-elf/5.3.0/../../../../../H-x86_64-mingw32/nios2-elf/lib/mno-hw-mul\libc.a(lib_a-memcpy.o)
 .debug_frame   0x0000000000000a14       0x20 f:/intelfpga_lite/18.1/nios2eds/bin/gnu/h-x86_64-mingw32/bin/../lib/gcc/nios2-elf/5.3.0/../../../../../H-x86_64-mingw32/nios2-elf/lib/mno-hw-mul\libc.a(lib_a-strlen.o)
 .debug_frame   0x0000000000000a34       0x38 f:/intelfpga_lite/18.1/nios2eds/bin/gnu/h-x86_64-mingw32/bin/../lib/gcc/nios2-elf/5.3.0/../../../../../H-x86_64-mingw32/nios2-elf/lib/mno-hw-mul\libc.a(lib_a-__atexit.o)
 .debug_frame   0x0000000000000a6c       0x54 f:/intelfpga_lite/18.1/nios2eds/bin/gnu/h-x86_64-mingw32/bin/../lib/gcc/nios2-elf/5.3.0/../../../../../H-x86_64-mingw32/nios2-elf/lib/mno-hw-mul\libc.a(lib_a-__call_atexit.o)
 .debug_frame   0x0000000000000ac0       0x20 f:/intelfpga_lite/18.1/nios2eds/bin/gnu/h-x86_64-mingw32/bin/../lib/gcc/nios2-elf/5.3.0/mno-hw-mul\libgcc.a(lib2-mul.o)
 .debug_frame   0x0000000000000ae0       0x2c ../initializer_bsp/\libhal_bsp.a(alt_exit.o)

.debug_str      0x0000000000000000     0x1bfd
 *(.debug_str)
 .debug_str     0x0000000000000000       0xf1 obj/default/main.o
                                        0x136 (size before relaxing)
 .debug_str     0x00000000000000f1      0x133 ../initializer_bsp/\libhal_bsp.a(alt_load.o)
                                        0x21a (size before relaxing)
 .debug_str     0x0000000000000224       0x70 ../initializer_bsp/\libhal_bsp.a(alt_main.o)
                                        0x1a5 (size before relaxing)
 .debug_str     0x0000000000000294      0x1da ../initializer_bsp/\libhal_bsp.a(alt_sys_init.o)
                                        0x398 (size before relaxing)
 .debug_str     0x000000000000046e       0xb9 ../initializer_bsp/\libhal_bsp.a(altera_avalon_jtag_uart_fd.o)
                                        0x3ac (size before relaxing)
 .debug_str     0x0000000000000527       0xd1 ../initializer_bsp/\libhal_bsp.a(altera_avalon_jtag_uart_init.o)
                                        0x340 (size before relaxing)
 .debug_str     0x00000000000005f8       0x4a ../initializer_bsp/\libhal_bsp.a(altera_avalon_jtag_uart_ioctl.o)
                                        0x29b (size before relaxing)
 .debug_str     0x0000000000000642       0x7f ../initializer_bsp/\libhal_bsp.a(altera_avalon_jtag_uart_read.o)
                                        0x2f0 (size before relaxing)
 .debug_str     0x00000000000006c1       0x4a ../initializer_bsp/\libhal_bsp.a(altera_avalon_jtag_uart_write.o)
                                        0x2f1 (size before relaxing)
 .debug_str     0x000000000000070b       0x6d ../initializer_bsp/\libhal_bsp.a(altera_avalon_timer_sc.o)
                                        0x253 (size before relaxing)
 .debug_str     0x0000000000000778       0x59 ../initializer_bsp/\libhal_bsp.a(alt_alarm_start.o)
                                        0x286 (size before relaxing)
 .debug_str     0x00000000000007d1       0x44 ../initializer_bsp/\libhal_bsp.a(alt_close.o)
                                        0x213 (size before relaxing)
 .debug_str     0x0000000000000815       0x34 ../initializer_bsp/\libhal_bsp.a(alt_dcache_flush_all.o)
                                        0x15d (size before relaxing)
 .debug_str     0x0000000000000849      0x120 ../initializer_bsp/\libhal_bsp.a(alt_dev.o)
                                        0x30d (size before relaxing)
 .debug_str     0x0000000000000969       0x34 ../initializer_bsp/\libhal_bsp.a(alt_dev_llist_insert.o)
                                        0x1d4 (size before relaxing)
 .debug_str     0x000000000000099d       0x48 ../initializer_bsp/\libhal_bsp.a(alt_do_ctors.o)
                                         0xd8 (size before relaxing)
 .debug_str     0x00000000000009e5       0x4c ../initializer_bsp/\libhal_bsp.a(alt_do_dtors.o)
                                         0xd7 (size before relaxing)
 .debug_str     0x0000000000000a31       0x14 ../initializer_bsp/\libhal_bsp.a(alt_errno.o)
                                        0x14d (size before relaxing)
 .debug_str     0x0000000000000a45       0x34 ../initializer_bsp/\libhal_bsp.a(alt_icache_flush_all.o)
                                        0x15d (size before relaxing)
 .debug_str     0x0000000000000a79       0xc4 ../initializer_bsp/\libhal_bsp.a(alt_iic.o)
                                        0x246 (size before relaxing)
 .debug_str     0x0000000000000b3d       0x4c ../initializer_bsp/\libhal_bsp.a(alt_iic_isr_register.o)
                                        0x1f0 (size before relaxing)
 .debug_str     0x0000000000000b89       0x56 ../initializer_bsp/\libhal_bsp.a(alt_io_redirect.o)
                                        0x31e (size before relaxing)
 .debug_str     0x0000000000000bdf       0x3a ../initializer_bsp/\libhal_bsp.a(alt_irq_handler.o)
                                        0x19f (size before relaxing)
 .debug_str     0x0000000000000c19       0x17 ../initializer_bsp/\libhal_bsp.a(alt_irq_vars.o)
                                        0x142 (size before relaxing)
 .debug_str     0x0000000000000c30       0x2f ../initializer_bsp/\libhal_bsp.a(alt_open.o)
                                        0x253 (size before relaxing)
 .debug_str     0x0000000000000c5f       0x28 ../initializer_bsp/\libhal_bsp.a(alt_release_fd.o)
                                        0x1db (size before relaxing)
 .debug_str     0x0000000000000c87       0x4a ../initializer_bsp/\libhal_bsp.a(alt_tick.o)
                                        0x25a (size before relaxing)
 .debug_str     0x0000000000000cd1       0x3b ../initializer_bsp/\libhal_bsp.a(altera_nios2_gen2_irq.o)
                                        0x164 (size before relaxing)
 .debug_str     0x0000000000000d0c       0x24 ../initializer_bsp/\libhal_bsp.a(alt_find_dev.o)
                                        0x1f4 (size before relaxing)
 .debug_str     0x0000000000000d30       0x26 ../initializer_bsp/\libhal_bsp.a(alt_find_file.o)
                                        0x202 (size before relaxing)
 .debug_str     0x0000000000000d56       0x30 ../initializer_bsp/\libhal_bsp.a(alt_get_fd.o)
                                        0x224 (size before relaxing)
 .debug_str     0x0000000000000d86      0x48b ../initializer_bsp/\libhal_bsp.a(alt_instruction_exception_entry.o)
                                        0x5a8 (size before relaxing)
 .debug_str     0x0000000000001211      0x17c f:/intelfpga_lite/18.1/nios2eds/bin/gnu/h-x86_64-mingw32/bin/../lib/gcc/nios2-elf/5.3.0/../../../../../H-x86_64-mingw32/nios2-elf/lib/mno-hw-mul\libc.a(lib_a-atexit.o)
                                        0x221 (size before relaxing)
 .debug_str     0x000000000000138d      0x3af f:/intelfpga_lite/18.1/nios2eds/bin/gnu/h-x86_64-mingw32/bin/../lib/gcc/nios2-elf/5.3.0/../../../../../H-x86_64-mingw32/nios2-elf/lib/mno-hw-mul\libc.a(lib_a-exit.o)
                                        0x5be (size before relaxing)
 .debug_str     0x000000000000173c       0xd6 f:/intelfpga_lite/18.1/nios2eds/bin/gnu/h-x86_64-mingw32/bin/../lib/gcc/nios2-elf/5.3.0/../../../../../H-x86_64-mingw32/nios2-elf/lib/mno-hw-mul\libc.a(lib_a-impure.o)
                                        0x5b5 (size before relaxing)
 .debug_str     0x0000000000001812       0x3f f:/intelfpga_lite/18.1/nios2eds/bin/gnu/h-x86_64-mingw32/bin/../lib/gcc/nios2-elf/5.3.0/../../../../../H-x86_64-mingw32/nios2-elf/lib/mno-hw-mul\libc.a(lib_a-int_errno.o)
                                        0x1dd (size before relaxing)
 .debug_str     0x0000000000001851       0xda f:/intelfpga_lite/18.1/nios2eds/bin/gnu/h-x86_64-mingw32/bin/../lib/gcc/nios2-elf/5.3.0/../../../../../H-x86_64-mingw32/nios2-elf/lib/mno-hw-mul\libc.a(lib_a-memcmp.o)
                                        0x1e4 (size before relaxing)
 .debug_str     0x000000000000192b       0x6b f:/intelfpga_lite/18.1/nios2eds/bin/gnu/h-x86_64-mingw32/bin/../lib/gcc/nios2-elf/5.3.0/../../../../../H-x86_64-mingw32/nios2-elf/lib/mno-hw-mul\libc.a(lib_a-memcpy.o)
                                        0x20b (size before relaxing)
 .debug_str     0x0000000000001996       0x51 f:/intelfpga_lite/18.1/nios2eds/bin/gnu/h-x86_64-mingw32/bin/../lib/gcc/nios2-elf/5.3.0/../../../../../H-x86_64-mingw32/nios2-elf/lib/mno-hw-mul\libc.a(lib_a-strlen.o)
                                        0x1f7 (size before relaxing)
 .debug_str     0x00000000000019e7       0x3f f:/intelfpga_lite/18.1/nios2eds/bin/gnu/h-x86_64-mingw32/bin/../lib/gcc/nios2-elf/5.3.0/../../../../../H-x86_64-mingw32/nios2-elf/lib/mno-hw-mul\libc.a(lib_a-__atexit.o)
                                        0x5f6 (size before relaxing)
 .debug_str     0x0000000000001a26       0x65 f:/intelfpga_lite/18.1/nios2eds/bin/gnu/h-x86_64-mingw32/bin/../lib/gcc/nios2-elf/5.3.0/../../../../../H-x86_64-mingw32/nios2-elf/lib/mno-hw-mul\libc.a(lib_a-__call_atexit.o)
                                        0x5e2 (size before relaxing)
 .debug_str     0x0000000000001a8b      0x148 f:/intelfpga_lite/18.1/nios2eds/bin/gnu/h-x86_64-mingw32/bin/../lib/gcc/nios2-elf/5.3.0/mno-hw-mul\libgcc.a(lib2-mul.o)
                                        0x193 (size before relaxing)
 .debug_str     0x0000000000001bd3       0x2a ../initializer_bsp/\libhal_bsp.a(alt_exit.o)
                                        0x159 (size before relaxing)

.debug_loc      0x0000000000000000      0x803
 *(.debug_loc)
 .debug_loc     0x0000000000000000       0x2c f:/intelfpga_lite/18.1/nios2eds/bin/gnu/h-x86_64-mingw32/bin/../lib/gcc/nios2-elf/5.3.0/../../../../../H-x86_64-mingw32/nios2-elf/lib/mno-hw-mul\libc.a(lib_a-atexit.o)
 .debug_loc     0x000000000000002c       0x1e f:/intelfpga_lite/18.1/nios2eds/bin/gnu/h-x86_64-mingw32/bin/../lib/gcc/nios2-elf/5.3.0/../../../../../H-x86_64-mingw32/nios2-elf/lib/mno-hw-mul\libc.a(lib_a-exit.o)
 .debug_loc     0x000000000000004a      0x126 f:/intelfpga_lite/18.1/nios2eds/bin/gnu/h-x86_64-mingw32/bin/../lib/gcc/nios2-elf/5.3.0/../../../../../H-x86_64-mingw32/nios2-elf/lib/mno-hw-mul\libc.a(lib_a-memcmp.o)
 .debug_loc     0x0000000000000170      0x266 f:/intelfpga_lite/18.1/nios2eds/bin/gnu/h-x86_64-mingw32/bin/../lib/gcc/nios2-elf/5.3.0/../../../../../H-x86_64-mingw32/nios2-elf/lib/mno-hw-mul\libc.a(lib_a-memcpy.o)
 .debug_loc     0x00000000000003d6       0x47 f:/intelfpga_lite/18.1/nios2eds/bin/gnu/h-x86_64-mingw32/bin/../lib/gcc/nios2-elf/5.3.0/../../../../../H-x86_64-mingw32/nios2-elf/lib/mno-hw-mul\libc.a(lib_a-strlen.o)
 .debug_loc     0x000000000000041d      0x185 f:/intelfpga_lite/18.1/nios2eds/bin/gnu/h-x86_64-mingw32/bin/../lib/gcc/nios2-elf/5.3.0/../../../../../H-x86_64-mingw32/nios2-elf/lib/mno-hw-mul\libc.a(lib_a-__atexit.o)
 .debug_loc     0x00000000000005a2      0x1ce f:/intelfpga_lite/18.1/nios2eds/bin/gnu/h-x86_64-mingw32/bin/../lib/gcc/nios2-elf/5.3.0/../../../../../H-x86_64-mingw32/nios2-elf/lib/mno-hw-mul\libc.a(lib_a-__call_atexit.o)
 .debug_loc     0x0000000000000770       0x93 f:/intelfpga_lite/18.1/nios2eds/bin/gnu/h-x86_64-mingw32/bin/../lib/gcc/nios2-elf/5.3.0/mno-hw-mul\libgcc.a(lib2-mul.o)

.debug_macinfo
 *(.debug_macinfo)

.debug_weaknames
 *(.debug_weaknames)

.debug_funcnames
 *(.debug_funcnames)

.debug_typenames
 *(.debug_typenames)

.debug_varnames
 *(.debug_varnames)

.debug_alt_sim_info
                0x0000000000000000       0x10
 *(.debug_alt_sim_info)
 .debug_alt_sim_info
                0x0000000000000000       0x10 ../initializer_bsp//obj/HAL/src/crt0.o
                0x0000000020008000                __alt_data_end = 0x20008000
                0x0000000020008000                PROVIDE (__alt_stack_pointer, __alt_data_end)
                [!provide]                        PROVIDE (__alt_stack_limit, __alt_stack_base)
                [!provide]                        PROVIDE (__alt_heap_start, end)
                [!provide]                        PROVIDE (__alt_heap_limit, 0x20008000)
OUTPUT(initializer.elf elf32-littlenios2)

.debug_ranges   0x0000000000000000      0x178
 .debug_ranges  0x0000000000000000       0x20 ../initializer_bsp//obj/HAL/src/crt0.o
 .debug_ranges  0x0000000000000020       0x30 ../initializer_bsp/\libhal_bsp.a(altera_avalon_jtag_uart_init.o)
 .debug_ranges  0x0000000000000050       0x18 ../initializer_bsp/\libhal_bsp.a(altera_avalon_jtag_uart_read.o)
 .debug_ranges  0x0000000000000068       0x28 ../initializer_bsp/\libhal_bsp.a(alt_irq_entry.o)
 .debug_ranges  0x0000000000000090       0x10 ../initializer_bsp/\libhal_bsp.a(alt_irq_handler.o)
 .debug_ranges  0x00000000000000a0       0x30 ../initializer_bsp/\libhal_bsp.a(alt_exception_entry.o)
 .debug_ranges  0x00000000000000d0       0x18 ../initializer_bsp/\libhal_bsp.a(alt_instruction_exception_entry.o)
 .debug_ranges  0x00000000000000e8       0x10 f:/intelfpga_lite/18.1/nios2eds/bin/gnu/h-x86_64-mingw32/bin/../lib/gcc/nios2-elf/5.3.0/../../../../../H-x86_64-mingw32/nios2-elf/lib/mno-hw-mul\libc.a(lib_a-atexit.o)
 .debug_ranges  0x00000000000000f8       0x10 f:/intelfpga_lite/18.1/nios2eds/bin/gnu/h-x86_64-mingw32/bin/../lib/gcc/nios2-elf/5.3.0/../../../../../H-x86_64-mingw32/nios2-elf/lib/mno-hw-mul\libc.a(lib_a-exit.o)
 .debug_ranges  0x0000000000000108       0x10 f:/intelfpga_lite/18.1/nios2eds/bin/gnu/h-x86_64-mingw32/bin/../lib/gcc/nios2-elf/5.3.0/../../../../../H-x86_64-mingw32/nios2-elf/lib/mno-hw-mul\libc.a(lib_a-memcmp.o)
 .debug_ranges  0x0000000000000118       0x10 f:/intelfpga_lite/18.1/nios2eds/bin/gnu/h-x86_64-mingw32/bin/../lib/gcc/nios2-elf/5.3.0/../../../../../H-x86_64-mingw32/nios2-elf/lib/mno-hw-mul\libc.a(lib_a-memcpy.o)
 .debug_ranges  0x0000000000000128       0x10 f:/intelfpga_lite/18.1/nios2eds/bin/gnu/h-x86_64-mingw32/bin/../lib/gcc/nios2-elf/5.3.0/../../../../../H-x86_64-mingw32/nios2-elf/lib/mno-hw-mul\libc.a(lib_a-strlen.o)
 .debug_ranges  0x0000000000000138       0x10 f:/intelfpga_lite/18.1/nios2eds/bin/gnu/h-x86_64-mingw32/bin/../lib/gcc/nios2-elf/5.3.0/../../../../../H-x86_64-mingw32/nios2-elf/lib/mno-hw-mul\libc.a(lib_a-__atexit.o)
 .debug_ranges  0x0000000000000148       0x30 f:/intelfpga_lite/18.1/nios2eds/bin/gnu/h-x86_64-mingw32/bin/../lib/gcc/nios2-elf/5.3.0/../../../../../H-x86_64-mingw32/nios2-elf/lib/mno-hw-mul\libc.a(lib_a-__call_atexit.o)
